Microchip MPLAB XC8 Compiler V2.46

Linker command line:

-W-3 \
  --edf=C:\Program Files\Microchip\xc8\v2.46\pic\dat\20240104201356_en.msgs \
  -pivt0x8=08h -cn -h+dist/default/production\bootloader.X.production.sym \
  --cmf=dist/default/production\bootloader.X.production.cmf -z -Q18F47Q83 \
  -oC:\Users\matt\AppData\Local\Temp\xcAs2g4.\driver_tmp_3.o \
  --defsym=__MPLAB_BUILD=1 --fixupoverflow=error \
  -Mdist/default/production/bootloader.X.production.map \
  --md=C:\Users\matt\AppData\Local\Temp\xcAs2g4.\driver_tmp_0.dat -E1 \
  -ver=XC8 Compiler --acfsm=1493 -p_boot_version_text=6h -ACODE=00h-0FFFh \
  -ACONST=00h-0FFFh -ACOMRAM=0501h-055Fh -AABS1=0500h-036FFh \
  -ABIGRAM=0501h-036FFh -ARAM=0560h-05FFh,0600h-06FFhx49 \
  -ABANK5=0560h-05FFh -ABANK6=0600h-06FFh -ABANK7=0700h-07FFh \
  -ABANK8=0800h-08FFh -ABANK9=0900h-09FFh -ABANK10=0A00h-0AFFh \
  -ABANK11=0B00h-0BFFh -ABANK12=0C00h-0CFFh -ABANK13=0D00h-0DFFh \
  -ABANK14=0E00h-0EFFh -ABANK15=0F00h-0FFFh -ABANK16=01000h-010FFh \
  -ABANK17=01100h-011FFh -ABANK18=01200h-012FFh -ABANK19=01300h-013FFh \
  -ABANK20=01400h-014FFh -ABANK21=01500h-015FFh -ABANK22=01600h-016FFh \
  -ABANK23=01700h-017FFh -ABANK24=01800h-018FFh -ABANK25=01900h-019FFh \
  -ABANK26=01A00h-01AFFh -ABANK27=01B00h-01BFFh -ABANK28=01C00h-01CFFh \
  -ABANK29=01D00h-01DFFh -ABANK30=01E00h-01EFFh -ABANK31=01F00h-01FFFh \
  -ABANK32=02000h-020FFh -ABANK33=02100h-021FFh -ABANK34=02200h-022FFh \
  -ABANK35=02300h-023FFh -ABANK36=02400h-024FFh -ABANK37=02500h-025FFh \
  -ABANK38=02600h-026FFh -ABANK39=02700h-027FFh -ABANK40=02800h-028FFh \
  -ABANK41=02900h-029FFh -ABANK42=02A00h-02AFFh -ABANK43=02B00h-02BFFh \
  -ABANK44=02C00h-02CFFh -ABANK45=02D00h-02DFFh -ABANK46=02E00h-02EFFh \
  -ABANK47=02F00h-02FFFh -ABANK48=03000h-030FFh -ABANK49=03100h-031FFh \
  -ABANK50=03200h-032FFh -ABANK51=03300h-033FFh -ABANK52=03400h-034FFh \
  -ABANK53=03500h-035FFh -ABANK54=03600h-036FFh \
  -ASFR=00h-0FFhx4,0400h-045Fh,0460h-04FFh,03700h-037FFhx9 \
  -ABIGSFR=00h-04FFh,03700h-03FFFh -ACONFIG=0300000h-0300023h \
  -AIDLOC=0200000h-020003Fh -AEEDATA=0380000h-03803FFh -peeprom_data=EEDATA \
  -preset_vec=00h -ppowerup=CODE,init -pramtop=03700h -pconst=CONST \
  -AFARRAM=00h-00h \
  -prdata=COMRAM,nvrram=COMRAM,nvbit=COMRAM,rbss=COMRAM,rbit=COMRAM \
  -pfarbss=FARRAM,fardata=FARRAM,nvFARRAM=FARRAM \
  -pintsave_regs=BIGRAM,bigbss=BIGRAM,bigdata=BIGRAM -pbss=RAM \
  -pidata=CODE,irdata=CODE,ibigdata=CODE,ifardata=CODE -prparam=COMRAM \
  C:\Users\matt\AppData\Local\Temp\xcAs2g4.\driver_tmp_9.o \
  dist/default/production\bootloader.X.production.o \
  build/default/production/powerup.o 

Object code version is 3.11

Machine type is 18F47Q83



                Name                               Link     Load   Length Selector   Space Scale
C:\Users\matt\AppData\Local\Temp\xcAs2g4.\driver_tmp_9.o
                config                           300000   300000       23        0       4
                init                                 C0       C0        4        4       0
                reset_vec                             0        0        4        0       0
dist/default/production\bootloader.X.production.o
                config                           300000   300000       23        0       4
                const                                C4       C4       2A       62       0
                ivt0x8                                8        8       14        4       0
                text26                              AE8      AE8       36       77       0
                text25                              B80      B80       2E       77       0
                text24                              BEA      BEA       1E       77       0
                text23                              4C8      4C8       F2       77       0
                text22                              C08      C08       1C       77       0
                text21                              5BA      5BA       E8       77       0
                text20                              C5A      C5A        A       77       0
                text19                              B1E      B1E       32       77       0
                text18                              C4C      C4C        E       77       0
                text17                              9A6      9A6       46       77       0
                text16                              B50      B50       30       77       0
                text15                              AAE      AAE       3A       77       0
                text14                              C24      C24       1A       77       0
                text13                              6A2      6A2       7C       77       0
                text12                              A30      A30       44       77       0
                text11                              A74      A74       3A       77       0
                text10                              862      862       5A       77       0
                text9                               BCC      BCC       1E       77       0
                text8                               90C      90C       4E       77       0
                text7                               8BC      8BC       50       77       0
                text6                               9EC      9EC       44       77       0
                text5                               BAE      BAE       1E       77       0
                text4                               C3E      C3E        E       77       0
                text3                                EE       EE      3DA       77       0
                text2                               802      802       60       77       0
                text1                               71E      71E       78       77       0
                text0                               796      796       6C       77       0
                cstackCOMRAM                        501      501       1E      501       1
                bssBANK7                            700      700      100      700       1
                bssBANK6                            600      600       80      600       1
                bssBANK5                            560      560       80      560       1
                bssCOMRAM                           51F      51F       15      501       1
                cinit                               95A      95A       4C       77       0
                nvCOMRAM                            534      534        5      501       1
                _boot_version_text                    6        6        2        3       0
build/default/production/powerup.o
                powerup                              1C       1C       A4        4       0

TOTAL           Name                               Link     Load   Length     Space
        CLASS   CODE           
                init                                 C0       C0        4         0
                powerup                              1C       1C       A4         0
                reset_vec                             0        0        4         0
                ivt0x8                                8        8       14         0
                text26                              AE8      AE8       36         0
                text25                              B80      B80       2E         0
                text24                              BEA      BEA       1E         0
                text23                              4C8      4C8       F2         0
                text22                              C08      C08       1C         0
                text21                              5BA      5BA       E8         0
                text20                              C5A      C5A        A         0
                text19                              B1E      B1E       32         0
                text18                              C4C      C4C        E         0
                text17                              9A6      9A6       46         0
                text16                              B50      B50       30         0
                text15                              AAE      AAE       3A         0
                text14                              C24      C24       1A         0
                text13                              6A2      6A2       7C         0
                text12                              A30      A30       44         0
                text11                              A74      A74       3A         0
                text10                              862      862       5A         0
                text9                               BCC      BCC       1E         0
                text8                               90C      90C       4E         0
                text7                               8BC      8BC       50         0
                text6                               9EC      9EC       44         0
                text5                               BAE      BAE       1E         0
                text4                               C3E      C3E        E         0
                text3                                EE       EE      3DA         0
                text2                               802      802       60         0
                text1                               71E      71E       78         0
                text0                               796      796       6C         0
                cinit                               95A      95A       4C         0
                _boot_version_text                    6        6        2         0

        CLASS   CONST          
                const                                C4       C4       2A         0

        CLASS   COMRAM         
                cstackCOMRAM                        501      501       1E         1
                bssCOMRAM                           51F      51F       15         1
                nvCOMRAM                            534      534        5         1

        CLASS   ABS1           

        CLASS   BIGRAM         

        CLASS   RAM            

        CLASS   BANK5          
                bssBANK5                            560      560       80         1

        CLASS   BANK6          
                bssBANK6                            600      600       80         1

        CLASS   BANK7          
                bssBANK7                            700      700      100         1

        CLASS   BANK8          

        CLASS   BANK9          

        CLASS   BANK10         

        CLASS   BANK11         

        CLASS   BANK12         

        CLASS   BANK13         

        CLASS   BANK14         

        CLASS   BANK15         

        CLASS   BANK16         

        CLASS   BANK17         

        CLASS   BANK18         

        CLASS   BANK19         

        CLASS   BANK20         

        CLASS   BANK21         

        CLASS   BANK22         

        CLASS   BANK23         

        CLASS   BANK24         

        CLASS   BANK25         

        CLASS   BANK26         

        CLASS   BANK27         

        CLASS   BANK28         

        CLASS   BANK29         

        CLASS   BANK30         

        CLASS   BANK31         

        CLASS   BANK32         

        CLASS   BANK33         

        CLASS   BANK34         

        CLASS   BANK35         

        CLASS   BANK36         

        CLASS   BANK37         

        CLASS   BANK38         

        CLASS   BANK39         

        CLASS   BANK40         

        CLASS   BANK41         

        CLASS   BANK42         

        CLASS   BANK43         

        CLASS   BANK44         

        CLASS   BANK45         

        CLASS   BANK46         

        CLASS   BANK47         

        CLASS   BANK48         

        CLASS   BANK49         

        CLASS   BANK50         

        CLASS   BANK51         

        CLASS   BANK52         

        CLASS   BANK53         

        CLASS   BANK54         

        CLASS   SFR            

        CLASS   BIGSFR         

        CLASS   CONFIG         
                config                           300000   300000       23         4

        CLASS   IDLOC          

        CLASS   EEDATA         

        CLASS   FARRAM         

        CLASS   HEAP           

        CLASS   STACK          

        CLASS   MEDIUMCONST    

        CLASS   SMALLCONST     



SEGMENTS        Name                           Load    Length   Top    Selector   Space  Class

                reset_vec                      000000  000004  000004         0       0  CODE    
                _boot_version_text             000006  000002  000008         3       0  CODE    
                ivt0x8                         000008  0000BC  0000C4         4       0  CODE    
                const                          0000C4  00002A  0000EE        62       0  CONST   
                text3                          0000EE  000B76  000C64        77       0  CODE    
                cstackCOMRAM                   000501  000038  000539       501       1  COMRAM  
                bssBANK5                       000560  000080  0005E0       560       1  BANK5   
                bssBANK6                       000600  000080  000680       600       1  BANK6   
                bssBANK7                       000700  000100  000800       700       1  BANK7   


UNUSED ADDRESS RANGES

        Name                Unused          Largest block    Delta
        BANK10           000A00-000AFF              100
        BANK11           000B00-000BFF              100
        BANK12           000C00-000CFF              100
        BANK13           000D00-000DFF              100
        BANK14           000E00-000EFF              100
        BANK15           000F00-000FFF              100
        BANK16           001000-0010FF              100
        BANK17           001100-0011FF              100
        BANK18           001200-0012FF              100
        BANK19           001300-0013FF              100
        BANK20           001400-0014FF              100
        BANK21           001500-0015FF              100
        BANK22           001600-0016FF              100
        BANK23           001700-0017FF              100
        BANK24           001800-0018FF              100
        BANK25           001900-0019FF              100
        BANK26           001A00-001AFF              100
        BANK27           001B00-001BFF              100
        BANK28           001C00-001CFF              100
        BANK29           001D00-001DFF              100
        BANK30           001E00-001EFF              100
        BANK31           001F00-001FFF              100
        BANK32           002000-0020FF              100
        BANK33           002100-0021FF              100
        BANK34           002200-0022FF              100
        BANK35           002300-0023FF              100
        BANK36           002400-0024FF              100
        BANK37           002500-0025FF              100
        BANK38           002600-0026FF              100
        BANK39           002700-0027FF              100
        BANK40           002800-0028FF              100
        BANK41           002900-0029FF              100
        BANK42           002A00-002AFF              100
        BANK43           002B00-002BFF              100
        BANK44           002C00-002CFF              100
        BANK45           002D00-002DFF              100
        BANK46           002E00-002EFF              100
        BANK47           002F00-002FFF              100
        BANK48           003000-0030FF              100
        BANK49           003100-0031FF              100
        BANK5            0005E0-0005FF               20
        BANK50           003200-0032FF              100
        BANK51           003300-0033FF              100
        BANK52           003400-0034FF              100
        BANK53           003500-0035FF              100
        BANK54           003600-0036FF              100
        BANK6            000680-0006FF               80
        BANK8            000800-0008FF              100
        BANK9            000900-0009FF              100
        BIGRAM           000539-00055F               27
                         0005E0-0005FF               20
                         000680-0006FF               80
                         000800-0036FF             2F00
        BIGSFR           000000-0004FF              500
                         003700-003FFF              900
        CODE             000004-000005                2
                         000C64-000FFF              39C
        COMRAM           000539-00055F               27
        CONFIG           300023-300023                1
        CONST            000004-000005                2
                         000C64-000FFF              39C
        EEDATA           380000-3803FF              400
        IDLOC            200000-20003F               40
        RAM              0005E0-0005FF               20
                         000680-0006FF               80
                         000800-0036FF              100
        SFR              000000-0004FF              100
                         003700-003FFF              100

                                  Symbol Table

IVTBASEH                                      (abs)              00045E
IVTBASEL                                      (abs)              00045D
IVTBASEU                                      (abs)              00045F
TMR0_OverflowCallbackRegister@CallbackHandler cstackCOMRAM       000509
_ACTCON                                       (abs)              0000AC
_ANSELA                                       (abs)              000400
_ANSELB                                       (abs)              000408
_ANSELC                                       (abs)              000410
_ANSELD                                       (abs)              000418
_ANSELE                                       (abs)              000420
_BUFX                                         bssBANK7           000700
_CLOCK_Initialize                             text22             000C08
_INLVLA                                       (abs)              000404
_INLVLB                                       (abs)              00040C
_INLVLC                                       (abs)              000414
_INLVLD                                       (abs)              00041C
_INLVLE                                       (abs)              000424
_INTCON0bits                                  (abs)              0004D6
_IOCAF                                        (abs)              000407
_IOCAN                                        (abs)              000406
_IOCAP                                        (abs)              000405
_IOCBF                                        (abs)              00040F
_IOCBN                                        (abs)              00040E
_IOCBP                                        (abs)              00040D
_IOCCF                                        (abs)              000417
_IOCCN                                        (abs)              000416
_IOCCP                                        (abs)              000415
_IOCEF                                        (abs)              000427
_IOCEN                                        (abs)              000426
_IOCEP                                        (abs)              000425
_IPR3bits                                     (abs)              000365
_IPR4bits                                     (abs)              000366
_IPR6bits                                     (abs)              000368
_LATA                                         (abs)              0004BE
_LATAbits                                     (abs)              0004BE
_LATB                                         (abs)              0004BF
_LATB6                                        (abs)              0025FE
_LATB7                                        (abs)              0025FF
_LATBbits                                     (abs)              0004BF
_LATC                                         (abs)              0004C0
_LATCbits                                     (abs)              0004C0
_LATD                                         (abs)              0004C1
_LATE                                         (abs)              0004C2
_NVMADRH                                      (abs)              000044
_NVMADRL                                      (abs)              000043
_NVMADRU                                      (abs)              000045
_NVMCON0bits                                  (abs)              000040
_NVMCON1bits                                  (abs)              000041
_NVMDATL                                      (abs)              000046
_NVMLOCK                                      (abs)              000042
_ODCONA                                       (abs)              000402
_ODCONB                                       (abs)              00040A
_ODCONC                                       (abs)              000412
_ODCOND                                       (abs)              00041A
_ODCONE                                       (abs)              000422
_OSCCON1                                      (abs)              0000AD
_OSCCON3                                      (abs)              0000AF
_OSCEN                                        (abs)              0000B3
_OSCFRQ                                       (abs)              0000B1
_OSCTUNE                                      (abs)              0000B0
_PIE3bits                                     (abs)              0004A1
_PIE4bits                                     (abs)              0004A2
_PIE6bits                                     (abs)              0004A4
_PIN_MANAGER_Initialize                       text21             0005BA
_PIR3bits                                     (abs)              0004B1
_PIR4bits                                     (abs)              0004B2
_PIR6bits                                     (abs)              0004B4
_PORTA                                        (abs)              0004CE
_PORTAbits                                    (abs)              0004CE
_PORTBbits                                    (abs)              0004CF
_PORTD                                        (abs)              0004D1
_RB1I2C                                       (abs)              000289
_RB2I2C                                       (abs)              000288
_RC3I2C                                       (abs)              000287
_RC3PPS                                       (abs)              000214
_RC4I2C                                       (abs)              000286
_RC5PPS                                       (abs)              000216
_RC6PPS                                       (abs)              000217
_SLRCONA                                      (abs)              000403
_SLRCONB                                      (abs)              00040B
_SLRCONC                                      (abs)              000413
_SLRCOND                                      (abs)              00041B
_SLRCONE                                      (abs)              000423
_SPI1BAUD                                     (abs)              000089
_SPI1CLK                                      (abs)              00008C
_SPI1CON0                                     (abs)              000084
_SPI1CON0bits                                 (abs)              000084
_SPI1CON1                                     (abs)              000085
_SPI1CON2                                     (abs)              000086
_SPI1RXB                                      (abs)              000080
_SPI1SCKPPS                                   (abs)              00026A
_SPI1SDIPPS                                   (abs)              00026B
_SPI1TCNTL                                    (abs)              000082
_SPI1TXB                                      (abs)              000081
_SYSTEM_Initialize                            text18             000C4C
_T0CON0                                       (abs)              00031A
_T0CON0bits                                   (abs)              00031A
_T0CON1                                       (abs)              00031B
_TMR0H                                        (abs)              000319
_TMR0L                                        (abs)              000318
_TMR0_DefaultOverflowCallback                 (abs)              000000
_TMR0_Initialize                              text19             000B1E
_TMR0_OverflowCallback                        nvCOMRAM           000536
_TMR0_OverflowCallbackRegister                text20             000C5A
_TMR0_PeriodCountSet                          (abs)              000000
_TMR0_Start                                   (abs)              000000
_TMR0_Stop                                    (abs)              000000
_TRISA                                        (abs)              0004C6
_TRISAbits                                    (abs)              0004C6
_TRISB                                        (abs)              0004C7
_TRISB6                                       (abs)              00263E
_TRISB7                                       (abs)              00263F
_TRISBbits                                    (abs)              0004C7
_TRISC                                        (abs)              0004C8
_TRISCbits                                    (abs)              0004C8
_TRISD                                        (abs)              0004C9
_TRISE                                        (abs)              0004CA
_TRISEbits                                    (abs)              0004CA
_Timer0                                       const              0000C4
_U1BRGH                                       (abs)              0002AF
_U1BRGL                                       (abs)              0002AE
_U1CON0                                       (abs)              0002AB
_U1CON1                                       (abs)              0002AC
_U1CON2                                       (abs)              0002AD
_U1ERRIE                                      (abs)              0002B3
_U1ERRIR                                      (abs)              0002B2
_U1ERRIRbits                                  (abs)              0002B2
_U1FIFO                                       (abs)              0002B0
_U1P1H                                        (abs)              0002A6
_U1P1L                                        (abs)              0002A5
_U1P2H                                        (abs)              0002A8
_U1P2L                                        (abs)              0002A7
_U1P3H                                        (abs)              0002AA
_U1P3L                                        (abs)              0002A9
_U1RXB                                        (abs)              0002A1
_U1RXCHK                                      (abs)              0002A2
_U1RXPPS                                      (abs)              000272
_U1TXB                                        (abs)              0002A3
_U1TXCHK                                      (abs)              0002A4
_U1UIR                                        (abs)              0002B1
_WPUA                                         (abs)              000401
_WPUB                                         (abs)              000409
_WPUC                                         (abs)              000411
_WPUD                                         (abs)              000419
_WPUE                                         (abs)              000421
__HRAM                                        (abs)              000000
__H__absolute__                               __absolute__       000000
__H_boot_version_text                         _boot_version_text 000008
__Habs1                                       abs1               000000
__Hbank10                                     bank10             000000
__Hbank11                                     bank11             000000
__Hbank12                                     bank12             000000
__Hbank13                                     bank13             000000
__Hbank14                                     bank14             000000
__Hbank15                                     bank15             000000
__Hbank16                                     bank16             000000
__Hbank17                                     bank17             000000
__Hbank18                                     bank18             000000
__Hbank19                                     bank19             000000
__Hbank20                                     bank20             000000
__Hbank21                                     bank21             000000
__Hbank22                                     bank22             000000
__Hbank23                                     bank23             000000
__Hbank24                                     bank24             000000
__Hbank25                                     bank25             000000
__Hbank26                                     bank26             000000
__Hbank27                                     bank27             000000
__Hbank28                                     bank28             000000
__Hbank29                                     bank29             000000
__Hbank30                                     bank30             000000
__Hbank31                                     bank31             000000
__Hbank32                                     bank32             000000
__Hbank33                                     bank33             000000
__Hbank34                                     bank34             000000
__Hbank35                                     bank35             000000
__Hbank36                                     bank36             000000
__Hbank37                                     bank37             000000
__Hbank38                                     bank38             000000
__Hbank39                                     bank39             000000
__Hbank40                                     bank40             000000
__Hbank41                                     bank41             000000
__Hbank42                                     bank42             000000
__Hbank43                                     bank43             000000
__Hbank44                                     bank44             000000
__Hbank45                                     bank45             000000
__Hbank46                                     bank46             000000
__Hbank47                                     bank47             000000
__Hbank48                                     bank48             000000
__Hbank49                                     bank49             000000
__Hbank5                                      bank5              000000
__Hbank50                                     bank50             000000
__Hbank51                                     bank51             000000
__Hbank52                                     bank52             000000
__Hbank53                                     bank53             000000
__Hbank54                                     bank54             000000
__Hbank6                                      bank6              000000
__Hbank7                                      bank7              000000
__Hbank8                                      bank8              000000
__Hbank9                                      bank9              000000
__Hbigbss                                     bigbss             000000
__Hbigdata                                    bigdata            000000
__Hbigram                                     bigram             000000
__Hbigsfr                                     bigsfr             000000
__Hbss                                        bss                000000
__HbssBANK5                                   bssBANK5           000000
__HbssBANK6                                   bssBANK6           000000
__HbssBANK7                                   bssBANK7           000000
__HbssCOMRAM                                  bssCOMRAM          000000
__Hcinit                                      cinit              000000
__Hclrtext                                    clrtext            000000
__Hcode                                       code               000000
__Hcomram                                     comram             000000
__Hconfig                                     config             300023
__Hconst                                      const              0000EE
__HcstackCOMRAM                               cstackCOMRAM       000000
__Hdata                                       data               000000
__Hedata                                      edata              000000
__Heeprom_data                                eeprom_data        000000
__Hfarbss                                     farbss             000000
__Hfardata                                    fardata            000000
__Hheap                                       heap               000000
__Hibigdata                                   ibigdata           000000
__Hidata                                      idata              000000
__Hidloc                                      idloc              000000
__Hifardata                                   ifardata           000000
__Hinit                                       init               0000C4
__Hintsave_regs                               intsave_regs       000000
__Hirdata                                     irdata             000000
__Hivt0x8                                     ivt0x8             00001C
__Hmediumconst                                mediumconst        000000
__HnvCOMRAM                                   nvCOMRAM           000000
__HnvFARRAM                                   nvFARRAM           000000
__Hnvbit                                      nvbit              000000
__Hnvrram                                     nvrram             000000
__Hparam                                      rparam             000000
__Hpowerup                                    powerup            0000C0
__Hram                                        ram                000000
__Hramtop                                     ramtop             003700
__Hrbit                                       rbit               000000
__Hrbss                                       rbss               000000
__Hrdata                                      rdata              000000
__Hreset_vec                                  reset_vec          000004
__Hrparam                                     rparam             000000
__Hsfr                                        sfr                000000
__Hsmallconst                                 smallconst         000000
__Hspace_0                                    (abs)              003700
__Hspace_1                                    (abs)              000800
__Hspace_2                                    (abs)              000000
__Hspace_3                                    (abs)              000000
__Hspace_4                                    (abs)              600023
__Hstack                                      stack              000000
__Hstruct                                     struct             000000
__Htemp                                       temp               000000
__Htext                                       text               000000
__Htext0                                      text0              000000
__Htext1                                      text1              000000
__Htext10                                     text10             000000
__Htext11                                     text11             000000
__Htext12                                     text12             000000
__Htext13                                     text13             000000
__Htext14                                     text14             000000
__Htext15                                     text15             000000
__Htext16                                     text16             000000
__Htext17                                     text17             000000
__Htext18                                     text18             000000
__Htext19                                     text19             000000
__Htext2                                      text2              000000
__Htext20                                     text20             000000
__Htext21                                     text21             000000
__Htext22                                     text22             000000
__Htext23                                     text23             000000
__Htext24                                     text24             000000
__Htext25                                     text25             000000
__Htext26                                     text26             000000
__Htext3                                      text3              000000
__Htext4                                      text4              000000
__Htext5                                      text5              000000
__Htext6                                      text6              000000
__Htext7                                      text7              000000
__Htext8                                      text8              000000
__Htext9                                      text9              000000
__Hudata                                      udata              000000
__Hudata_acs                                  udata_acs          000000
__Hudata_bank10                               udata_bank10       000000
__Hudata_bank11                               udata_bank11       000000
__Hudata_bank12                               udata_bank12       000000
__Hudata_bank13                               udata_bank13       000000
__Hudata_bank14                               udata_bank14       000000
__Hudata_bank15                               udata_bank15       000000
__Hudata_bank16                               udata_bank16       000000
__Hudata_bank17                               udata_bank17       000000
__Hudata_bank18                               udata_bank18       000000
__Hudata_bank19                               udata_bank19       000000
__Hudata_bank20                               udata_bank20       000000
__Hudata_bank21                               udata_bank21       000000
__Hudata_bank22                               udata_bank22       000000
__Hudata_bank23                               udata_bank23       000000
__Hudata_bank24                               udata_bank24       000000
__Hudata_bank25                               udata_bank25       000000
__Hudata_bank26                               udata_bank26       000000
__Hudata_bank27                               udata_bank27       000000
__Hudata_bank28                               udata_bank28       000000
__Hudata_bank29                               udata_bank29       000000
__Hudata_bank30                               udata_bank30       000000
__Hudata_bank31                               udata_bank31       000000
__Hudata_bank32                               udata_bank32       000000
__Hudata_bank33                               udata_bank33       000000
__Hudata_bank34                               udata_bank34       000000
__Hudata_bank35                               udata_bank35       000000
__Hudata_bank36                               udata_bank36       000000
__Hudata_bank37                               udata_bank37       000000
__Hudata_bank38                               udata_bank38       000000
__Hudata_bank39                               udata_bank39       000000
__Hudata_bank40                               udata_bank40       000000
__Hudata_bank41                               udata_bank41       000000
__Hudata_bank42                               udata_bank42       000000
__Hudata_bank43                               udata_bank43       000000
__Hudata_bank44                               udata_bank44       000000
__Hudata_bank45                               udata_bank45       000000
__Hudata_bank46                               udata_bank46       000000
__Hudata_bank47                               udata_bank47       000000
__Hudata_bank48                               udata_bank48       000000
__Hudata_bank49                               udata_bank49       000000
__Hudata_bank5                                udata_bank5        000000
__Hudata_bank50                               udata_bank50       000000
__Hudata_bank51                               udata_bank51       000000
__Hudata_bank52                               udata_bank52       000000
__Hudata_bank53                               udata_bank53       000000
__Hudata_bank54                               udata_bank54       000000
__Hudata_bank6                                udata_bank6        000000
__Hudata_bank7                                udata_bank7        000000
__Hudata_bank8                                udata_bank8        000000
__Hudata_bank9                                udata_bank9        000000
__LRAM                                        (abs)              000001
__L__absolute__                               __absolute__       000000
__L_boot_version_text                         _boot_version_text 000006
__Labs1                                       abs1               000000
__Lbank10                                     bank10             000000
__Lbank11                                     bank11             000000
__Lbank12                                     bank12             000000
__Lbank13                                     bank13             000000
__Lbank14                                     bank14             000000
__Lbank15                                     bank15             000000
__Lbank16                                     bank16             000000
__Lbank17                                     bank17             000000
__Lbank18                                     bank18             000000
__Lbank19                                     bank19             000000
__Lbank20                                     bank20             000000
__Lbank21                                     bank21             000000
__Lbank22                                     bank22             000000
__Lbank23                                     bank23             000000
__Lbank24                                     bank24             000000
__Lbank25                                     bank25             000000
__Lbank26                                     bank26             000000
__Lbank27                                     bank27             000000
__Lbank28                                     bank28             000000
__Lbank29                                     bank29             000000
__Lbank30                                     bank30             000000
__Lbank31                                     bank31             000000
__Lbank32                                     bank32             000000
__Lbank33                                     bank33             000000
__Lbank34                                     bank34             000000
__Lbank35                                     bank35             000000
__Lbank36                                     bank36             000000
__Lbank37                                     bank37             000000
__Lbank38                                     bank38             000000
__Lbank39                                     bank39             000000
__Lbank40                                     bank40             000000
__Lbank41                                     bank41             000000
__Lbank42                                     bank42             000000
__Lbank43                                     bank43             000000
__Lbank44                                     bank44             000000
__Lbank45                                     bank45             000000
__Lbank46                                     bank46             000000
__Lbank47                                     bank47             000000
__Lbank48                                     bank48             000000
__Lbank49                                     bank49             000000
__Lbank5                                      bank5              000000
__Lbank50                                     bank50             000000
__Lbank51                                     bank51             000000
__Lbank52                                     bank52             000000
__Lbank53                                     bank53             000000
__Lbank54                                     bank54             000000
__Lbank6                                      bank6              000000
__Lbank7                                      bank7              000000
__Lbank8                                      bank8              000000
__Lbank9                                      bank9              000000
__Lbigbss                                     bigbss             000000
__Lbigdata                                    bigdata            000000
__Lbigram                                     bigram             000000
__Lbigsfr                                     bigsfr             000000
__Lbss                                        bss                000000
__LbssBANK5                                   bssBANK5           000000
__LbssBANK6                                   bssBANK6           000000
__LbssBANK7                                   bssBANK7           000000
__LbssCOMRAM                                  bssCOMRAM          000000
__Lcinit                                      cinit              000000
__Lclrtext                                    clrtext            000000
__Lcode                                       code               000000
__Lcomram                                     comram             000000
__Lconfig                                     config             000000
__Lconst                                      const              0000C4
__LcstackCOMRAM                               cstackCOMRAM       000000
__Ldata                                       data               000000
__Ledata                                      edata              000000
__Leeprom_data                                eeprom_data        000000
__Lfarbss                                     farbss             000000
__Lfardata                                    fardata            000000
__Lheap                                       heap               000000
__Libigdata                                   ibigdata           000000
__Lidata                                      idata              000000
__Lidloc                                      idloc              000000
__Lifardata                                   ifardata           000000
__Linit                                       init               0000C0
__Lintsave_regs                               intsave_regs       000000
__Lirdata                                     irdata             000000
__Livt0x8                                     ivt0x8             000008
__Lmediumconst                                mediumconst        000000
__LnvCOMRAM                                   nvCOMRAM           000000
__LnvFARRAM                                   nvFARRAM           000000
__Lnvbit                                      nvbit              000000
__Lnvrram                                     nvrram             000000
__Lparam                                      rparam             000000
__Lpowerup                                    powerup            00001C
__Lram                                        ram                000000
__Lramtop                                     ramtop             003700
__Lrbit                                       rbit               000000
__Lrbss                                       rbss               000000
__Lrdata                                      rdata              000000
__Lreset_vec                                  reset_vec          000000
__Lrparam                                     rparam             000000
__Lsfr                                        sfr                000000
__Lsmallconst                                 smallconst         000000
__Lspace_0                                    (abs)              000000
__Lspace_1                                    (abs)              000000
__Lspace_2                                    (abs)              000000
__Lspace_3                                    (abs)              000000
__Lspace_4                                    (abs)              000000
__Lstack                                      stack              000000
__Lstruct                                     struct             000000
__Ltemp                                       temp               000000
__Ltext                                       text               000000
__Ltext0                                      text0              000000
__Ltext1                                      text1              000000
__Ltext10                                     text10             000000
__Ltext11                                     text11             000000
__Ltext12                                     text12             000000
__Ltext13                                     text13             000000
__Ltext14                                     text14             000000
__Ltext15                                     text15             000000
__Ltext16                                     text16             000000
__Ltext17                                     text17             000000
__Ltext18                                     text18             000000
__Ltext19                                     text19             000000
__Ltext2                                      text2              000000
__Ltext20                                     text20             000000
__Ltext21                                     text21             000000
__Ltext22                                     text22             000000
__Ltext23                                     text23             000000
__Ltext24                                     text24             000000
__Ltext25                                     text25             000000
__Ltext26                                     text26             000000
__Ltext3                                      text3              000000
__Ltext4                                      text4              000000
__Ltext5                                      text5              000000
__Ltext6                                      text6              000000
__Ltext7                                      text7              000000
__Ltext8                                      text8              000000
__Ltext9                                      text9              000000
__Ludata                                      udata              000000
__Ludata_acs                                  udata_acs          000000
__Ludata_bank10                               udata_bank10       000000
__Ludata_bank11                               udata_bank11       000000
__Ludata_bank12                               udata_bank12       000000
__Ludata_bank13                               udata_bank13       000000
__Ludata_bank14                               udata_bank14       000000
__Ludata_bank15                               udata_bank15       000000
__Ludata_bank16                               udata_bank16       000000
__Ludata_bank17                               udata_bank17       000000
__Ludata_bank18                               udata_bank18       000000
__Ludata_bank19                               udata_bank19       000000
__Ludata_bank20                               udata_bank20       000000
__Ludata_bank21                               udata_bank21       000000
__Ludata_bank22                               udata_bank22       000000
__Ludata_bank23                               udata_bank23       000000
__Ludata_bank24                               udata_bank24       000000
__Ludata_bank25                               udata_bank25       000000
__Ludata_bank26                               udata_bank26       000000
__Ludata_bank27                               udata_bank27       000000
__Ludata_bank28                               udata_bank28       000000
__Ludata_bank29                               udata_bank29       000000
__Ludata_bank30                               udata_bank30       000000
__Ludata_bank31                               udata_bank31       000000
__Ludata_bank32                               udata_bank32       000000
__Ludata_bank33                               udata_bank33       000000
__Ludata_bank34                               udata_bank34       000000
__Ludata_bank35                               udata_bank35       000000
__Ludata_bank36                               udata_bank36       000000
__Ludata_bank37                               udata_bank37       000000
__Ludata_bank38                               udata_bank38       000000
__Ludata_bank39                               udata_bank39       000000
__Ludata_bank40                               udata_bank40       000000
__Ludata_bank41                               udata_bank41       000000
__Ludata_bank42                               udata_bank42       000000
__Ludata_bank43                               udata_bank43       000000
__Ludata_bank44                               udata_bank44       000000
__Ludata_bank45                               udata_bank45       000000
__Ludata_bank46                               udata_bank46       000000
__Ludata_bank47                               udata_bank47       000000
__Ludata_bank48                               udata_bank48       000000
__Ludata_bank49                               udata_bank49       000000
__Ludata_bank5                                udata_bank5        000000
__Ludata_bank50                               udata_bank50       000000
__Ludata_bank51                               udata_bank51       000000
__Ludata_bank52                               udata_bank52       000000
__Ludata_bank53                               udata_bank53       000000
__Ludata_bank54                               udata_bank54       000000
__Ludata_bank6                                udata_bank6        000000
__Ludata_bank7                                udata_bank7        000000
__Ludata_bank8                                udata_bank8        000000
__Ludata_bank9                                udata_bank9        000000
__S0                                          (abs)              000C64
__S1                                          (abs)              000800
__S3                                          (abs)              000000
__S4                                          (abs)              000000
__S5                                          (abs)              000000
___heap_hi                                    (abs)              000000
___heap_lo                                    (abs)              000000
___inthi_sp                                   stack              000000
___inthi_stack_hi                             stack              000000
___inthi_stack_lo                             stack              000000
___intlo_sp                                   stack              000000
___intlo_stack_hi                             stack              000000
___intlo_stack_lo                             stack              000000
___param_bank                                 (abs)              000000
___rparam_used                                (abs)              000001
___sp                                         stack              000000
___stack_hi                                   stack              000000
___stack_lo                                   stack              000000
__accesstop                                   (abs)              000560
__activetblptr                                (abs)              000003
__end_of_CLOCK_Initialize                     text22             000C24
__end_of_PIN_MANAGER_Initialize               text21             0006A2
__end_of_SYSTEM_Initialize                    text18             000C5A
__end_of_TMR0_Initialize                      text19             000B50
__end_of_TMR0_OverflowCallbackRegister        text20             000C64
__end_of_Timer0                               const              0000D0
__end_of__initialization                      cinit              0009A0
__end_of_b_last                               text12             000A74
__end_of_b_process                            text3              0004C8
__end_of_b_write_block                        text13             00071E
__end_of_boot_int_lo                          text23             0005BA
__end_of_boot_version                         _boot_version_text 000008
__end_of_do_write                             text17             0009EC
__end_of_do_write_ee                          text11             000AAE
__end_of_erase_eeprom                         text8              00095A
__end_of_erase_flash                          text7              00090C
__end_of_main                                 text0              000802
__end_of_pic_init                             text2              000862
__end_of_read_byte                            text6              000A30
__end_of_serial_rx_int                        text26             000B1E
__end_of_serial_tx_int                        text25             000BAE
__end_of_update_status                        text5              000BCC
__end_of_usart_init                           text1              000796
__end_of_usart_put_hex                        text15             000AE8
__end_of_usart_put_long                       text14             000C3E
__end_of_usart_put_short                      text4              000C4C
__end_of_usart_puts2_r                        text9              000BEA
__end_of_usart_puts_r                         text10             0008BC
__end_of_usart_send                           text16             000B80
__end_ofi1_update_status                      text24             000C08
__initialization                              cinit              00095A
__p_boot_version_text                         _boot_version_text 000006
__pbssBANK5                                   bssBANK5           000560
__pbssBANK6                                   bssBANK6           000600
__pbssBANK7                                   bssBANK7           000700
__pbssCOMRAM                                  bssCOMRAM          00051F
__pcinit                                      cinit              00095A
__pconst                                      const              0000C4
__pcstackCOMRAM                               cstackCOMRAM       000501
__pivt0x8                                     ivt0x8             000008
__pnvCOMRAM                                   nvCOMRAM           000534
__ptext0                                      text0              000796
__ptext1                                      text1              00071E
__ptext10                                     text10             000862
__ptext11                                     text11             000A74
__ptext12                                     text12             000A30
__ptext13                                     text13             0006A2
__ptext14                                     text14             000C24
__ptext15                                     text15             000AAE
__ptext16                                     text16             000B50
__ptext17                                     text17             0009A6
__ptext18                                     text18             000C4C
__ptext19                                     text19             000B1E
__ptext2                                      text2              000802
__ptext20                                     text20             000C5A
__ptext21                                     text21             0005BA
__ptext22                                     text22             000C08
__ptext23                                     text23             0004C8
__ptext24                                     text24             000BEA
__ptext25                                     text25             000B80
__ptext26                                     text26             000AE8
__ptext3                                      text3              0000EE
__ptext4                                      text4              000C3E
__ptext5                                      text5              000BAE
__ptext6                                      text6              0009EC
__ptext7                                      text7              0008BC
__ptext8                                      text8              00090C
__ptext9                                      text9              000BCC
__ramtop                                      ramtop             003700
_addr                                         bssCOMRAM          00051F
_b_last                                       text12             000A30
_b_process                                    text3              0000EE
_b_write_block                                text13             0006A2
_boot_int_lo                                  text23             0004C8
_boot_version                                 _boot_version_text 000006
_boot_version_absaddr                         (abs)              000006
_checksum                                     bssCOMRAM          000528
_count                                        bssCOMRAM          000527
_crc                                          nvCOMRAM           000534
_discard                                      bssCOMRAM          00052A
_do_write                                     text17             0009A6
_do_write_ee                                  text11             000A74
_erase_eeprom                                 text8              00090C
_erase_flash                                  text7              0008BC
_flags                                        nvCOMRAM           000538
_fsr2                                         bssCOMRAM          000525
_main                                         text0              000796
_pic_init                                     text2              000802
_read_byte                                    text6              0009EC
_rx_count                                     bssCOMRAM          00052D
_rx_in                                        bssCOMRAM          00052C
_rx_out                                       bssCOMRAM          00052B
_serial_in                                    bssBANK6           000600
_serial_out                                   bssBANK5           000560
_serial_rx_int                                text26             000AE8
_serial_tx_int                                text25             000B80
_tblptr                                       bssCOMRAM          000531
_timeout                                      bssCOMRAM          000529
_timerTMR0ReloadVal16bit                      bssCOMRAM          000523
_tx_count                                     bssCOMRAM          000530
_tx_in                                        bssCOMRAM          00052F
_tx_out                                       bssCOMRAM          00052E
_type                                         bssCOMRAM          000526
_update_status                                text5              000BAE
_usart_init                                   text1              00071E
_usart_put_hex                                text15             000AAE
_usart_put_long                               text14             000C24
_usart_put_short                              text4              000C3E
_usart_puts2_r                                text9              000BCC
_usart_puts_r                                 text10             000862
_usart_send                                   text16             000B50
b_process@status                              cstackCOMRAM       00051E
do_write@cmd                                  cstackCOMRAM       00050C
do_write_ee@data                              cstackCOMRAM       000509
end_of_initialization                         cinit              0009A0
i1_update_status                              text24             000BEA
i1update_status@status                        cstackCOMRAM       000501
intlevel0                                     text               000000
intlevel1                                     text               000000
intlevel2                                     text               000000
intlevel3                                     text               000000
isa$std                                       (abs)              000001
isa$xinst                                     (abs)              000000
ivt0x8_base                                   ivt0x8             000008
powerup                                       powerup            00001C
read_byte@hi                                  cstackCOMRAM       000509
read_byte@lo                                  cstackCOMRAM       00050A
stackhi                                       (abs)              000000
stacklo                                       (abs)              000000
start                                         init               0000C0
start_initialization                          cinit              00095A
update_status@status                          cstackCOMRAM       000509
usart_put_hex@c                               cstackCOMRAM       00050A
usart_put_hex@x                               cstackCOMRAM       00050B
usart_put_long@x                              cstackCOMRAM       00050C
usart_put_short@x                             cstackCOMRAM       00050C
usart_puts2_r@str                             cstackCOMRAM       00050D
usart_puts_r@str                              cstackCOMRAM       00050A
usart_send@data                               cstackCOMRAM       000509


MODULE INFORMATION

Module		Function		Class		Link	Load	Size
serial.c
		_usart_put_short		CODE           	0C3E	0000	14
		_usart_puts_r  		CODE           	0862	0000	90
		_usart_send    		CODE           	0B50	0000	48
		_usart_puts2_r 		CODE           	0BCC	0000	30
		_usart_put_hex 		CODE           	0AAE	0000	58
		_usart_init    		CODE           	071E	0000	120
		_usart_put_long		CODE           	0C24	0000	26
		_serial_rx_int 		CODE           	0AE8	0000	54
		_serial_tx_int 		CODE           	0B80	0000	46

serial.c estimated size: 486

bootloader.c
		_pic_init      		CODE           	0802	0000	96
		_erase_eeprom  		CODE           	090C	0000	78
		_main          		CODE           	0796	0000	108
		_do_write      		CODE           	09A6	0000	70
		_do_write_ee   		CODE           	0A74	0000	58
		_b_process     		CODE           	00EE	0000	986
		_boot_int_lo   		CODE           	04C8	0000	242
		_read_byte     		CODE           	09EC	0000	68
		_update_status 		CODE           	0BAE	0000	30
		_b_write_block 		CODE           	06A2	0000	124
		_b_last        		CODE           	0A30	0000	68
		_erase_flash   		CODE           	08BC	0000	80

bootloader.c estimated size: 2008

mcc_generated_files/system/src/pins.c
		_PIN_MANAGER_Initialize		CODE           	05BA	0000	232

mcc_generated_files/system/src/pins.c estimated size: 232

shared
		i1_update_status		CODE           	0BEA	0000	30
		__initialization		CODE           	095A	0000	70
		_Timer0        		CONST          	00C4	0000	12
		_boot_version  		CODE           	0006	0000	2

shared estimated size: 114

mcc_generated_files/system/src/clock.c
		_CLOCK_Initialize		CODE           	0C08	0000	28

mcc_generated_files/system/src/clock.c estimated size: 28

mcc_generated_files/timer/src/tmr0.c
		_TMR0_OverflowCallbackRegister		CODE           	0C5A	0000	10
		_TMR0_Initialize		CODE           	0B1E	0000	50

mcc_generated_files/timer/src/tmr0.c estimated size: 60

mcc_generated_files/system/src/system.c
		_SYSTEM_Initialize		CODE           	0C4C	0000	14

mcc_generated_files/system/src/system.c estimated size: 14

