Microchip MPLAB XC8 Compiler V2.46

Linker command line:

-W-3 \
  --edf=C:\Program Files\Microchip\xc8\v2.46\pic\dat\20240104201356_en.msgs \
  -cn -h+dist/default/production\trs_hard-lfn.X.production.sym \
  --cmf=dist/default/production\trs_hard-lfn.X.production.cmf -z -Q18F47Q83 \
  -oC:\Users\matt\AppData\Local\Temp\xcAscrg.\driver_tmp_3.o \
  --defsym=__MPLAB_BUILD=1 --fixupoverflow=error \
  -Mdist/default/production/trs_hard-lfn.X.production.map \
  --md=C:\Users\matt\AppData\Local\Temp\xcAscrg.\driver_tmp_0.dat -E1 \
  -ver=XC8 Compiler --acfsm=1493 -p_exit_boot_text=3803FEh \
  -p_loader_code_text=380000h -p_crc16_val_text=1FFFEh -ACODE=00h-01FFFFh \
  -ACONST=00h-01FFFFh -ASMALLCONST=03700h-037FFhx457 \
  -AMEDIUMCONST=03700h-0FFFFh,013700h-01FFFFh -ACOMRAM=0501h-055Fh \
  -AABS1=0500h-036FFh -ABIGRAM=0501h-036FFh \
  -ARAM=0560h-05FFh,0600h-06FFhx49 -ABANK5=0560h-05FFh -ABANK6=0600h-06FFh \
  -ABANK7=0700h-07FFh -ABANK8=0800h-08FFh -ABANK9=0900h-09FFh \
  -ABANK10=0A00h-0AFFh -ABANK11=0B00h-0BFFh -ABANK12=0C00h-0CFFh \
  -ABANK13=0D00h-0DFFh -ABANK14=0E00h-0EFFh -ABANK15=0F00h-0FFFh \
  -ABANK16=01000h-010FFh -ABANK17=01100h-011FFh -ABANK18=01200h-012FFh \
  -ABANK19=01300h-013FFh -ABANK20=01400h-014FFh -ABANK21=01500h-015FFh \
  -ABANK22=01600h-016FFh -ABANK23=01700h-017FFh -ABANK24=01800h-018FFh \
  -ABANK25=01900h-019FFh -ABANK26=01A00h-01AFFh -ABANK27=01B00h-01BFFh \
  -ABANK28=01C00h-01CFFh -ABANK29=01D00h-01DFFh -ABANK30=01E00h-01EFFh \
  -ABANK31=01F00h-01FFFh -ABANK32=02000h-020FFh -ABANK33=02100h-021FFh \
  -ABANK34=02200h-022FFh -ABANK35=02300h-023FFh -ABANK36=02400h-024FFh \
  -ABANK37=02500h-025FFh -ABANK38=02600h-026FFh -ABANK39=02700h-027FFh \
  -ABANK40=02800h-028FFh -ABANK41=02900h-029FFh -ABANK42=02A00h-02AFFh \
  -ABANK43=02B00h-02BFFh -ABANK44=02C00h-02CFFh -ABANK45=02D00h-02DFFh \
  -ABANK46=02E00h-02EFFh -ABANK47=02F00h-02FFFh -ABANK48=03000h-030FFh \
  -ABANK49=03100h-031FFh -ABANK50=03200h-032FFh -ABANK51=03300h-033FFh \
  -ABANK52=03400h-034FFh -ABANK53=03500h-035FFh -ABANK54=03600h-036FFh \
  -ASFR=00h-0FFhx4,0400h-045Fh,0460h-04FFh,03700h-037FFhx9 \
  -ABIGSFR=00h-04FFh,03700h-03FFFh -ACONFIG=0300000h-0300023h \
  -AIDLOC=0200000h-020003Fh -AEEDATA=0380000h-03803FFh -peeprom_data=EEDATA \
  -preset_vec=00h -ppowerup=CODE,init -pramtop=03700h \
  -psmallconst=SMALLCONST -pmediumconst=MEDIUMCONST -pconst=CONST \
  -AFARRAM=00h-00h \
  -prdata=COMRAM,nvrram=COMRAM,nvbit=COMRAM,rbss=COMRAM,rbit=COMRAM \
  -pfarbss=FARRAM,fardata=FARRAM,nvFARRAM=FARRAM \
  -pintsave_regs=BIGRAM,bigbss=BIGRAM,bigdata=BIGRAM -pbss=RAM \
  -pidata=CODE,irdata=CODE,ibigdata=CODE,ifardata=CODE -prparam=COMRAM \
  C:\Users\matt\AppData\Local\Temp\xcAscrg.\driver_tmp_9.o \
  dist/default/production\trs_hard-lfn.X.production.o \
  build/default/production/io.o build/default/production/FatFS/diskio2.o 

Object code version is 3.11

Machine type is 18F47Q83



                Name                               Link     Load   Length Selector   Space Scale
C:\Users\matt\AppData\Local\Temp\xcAscrg.\driver_tmp_9.o
                config                           300000   300000       23        0       4
                init                               101C     101C        4      80E       0
                reset_vec                             0        0        4        0       0
                intcode                            1000     1000       1C        0       0
dist/default/production\trs_hard-lfn.X.production.o
                config                           300000   300000       23        0       4
                mediumconst                        FAFA     FAFA      506     7D7D       0
                text164                           1A750    1A750       54     8000       0
                text163                           1AEF8    1AEF8       2A     8000       0
                text162                           1AC94    1AC94       38     8000       0
                text161                           1AD32    1AD32       32     8000       0
                text160                           1AC5C    1AC5C       38     8000       0
                text159                           1B104    1B104       1C     8000       0
                text158                           1B206    1B206        6     8000       0
                text157                           1B200    1B200        6     8000       0
                text156                           18CC6    18CC6       E8     8000       0
                text155                           1B1A8    1B1A8        E     8000       0
                text154                           1ADC4    1ADC4       30     8000       0
                text153                           1B15C    1B15C       12     8000       0
                text152                           1B1FA    1B1FA        6     8000       0
                text151                           1B1B6    1B1B6        C     8000       0
                text150                           1B14A    1B14A       12     8000       0
                text149                           1A6FC    1A6FC       54     8000       0
                text148                           1A33C    1A33C       6A     8000       0
                text147                           1AFE2    1AFE2       24     8000       0
                text146                           1A184    1A184       72     8000       0
                text145                           1B08E    1B08E       20     8000       0
                text144                           1AFBC    1AFBC       26     8000       0
                text143                           1B19A    1B19A        E     8000       0
                text142                           1B06C    1B06C       22     8000       0
                text141                           1AF96    1AF96       26     8000       0
                text140                           19556    19556       AE     8000       0
                text139                           1AD94    1AD94       30     8000       0
                text138                           1B04A    1B04A       22     8000       0
                text137                           1ACCC    1ACCC       34     8000       0
                text136                           1A1F6    1A1F6       6E     8000       0
                text135                           1A7F6    1A7F6       4E     8000       0
                text134                           19F18    19F18       82     8000       0
                text133                           1A6A6    1A6A6       56     8000       0
                text132                           1B0E8    1B0E8       1C     8000       0
                text131                           1B1EA    1B1EA        A     8000       0
                text130                           1B028    1B028       22     8000       0
                text129                           1B18C    1B18C        E     8000       0
                text128                           1B20C    1B20C        2     8000       0
                text127                           19B14    19B14       98     8000       0
                text126                           1AA2E    1AA2E       44     8000       0
                text125                           16398    16398      1DA     8000       0
                text124                           1B16E    1B16E       10     8000       0
                text123                           1928E    1928E       B8     8000       0
                text122                           1AC24    1AC24       38     8000       0
                text121                           196B0    196B0       AC     8000       0
                text120                           19E8E    19E8E       8A     8000       0
                text119                           19A7A    19A7A       9A     8000       0
                text118                           1975C    1975C       A8     8000       0
                text117                           198A6    198A6       9E     8000       0
                text116                           178E2    178E2      170     8000       0
                text115                           194A8    194A8       AE     8000       0
                text114                           15F78    15F78      22E     8000       0
                text113                           1717C    1717C      192     8000       0
                text112                           17E5E    17E5E      148     8000       0
                text111                           109E0    109E0      908     8000       0
                text110                           18F74    18F74       CE     8000       0
                text109                           1AECE    1AECE       2A     8000       0
                text108                           1AF22    1AF22       28     8000       0
                text107                           1AAB4    1AAB4       42     8000       0
                text106                           1AF70    1AF70       26     8000       0
                text105                           134DA    134DA      4C2     8000       0
                text104                           1AE78    1AE78       2C     8000       0
                text103                           1A2D0    1A2D0       6C     8000       0
                text102                           16572    16572      1D4     8000       0
                text101                           191CE    191CE       C0     8000       0
                text100                           17BBA    17BBA      15C     8000       0
                text99                            1A9EA    1A9EA       44     8000       0
                text98                            1A7A4    1A7A4       52     8000       0
                text97                            14A84    14A84      372     8000       0
                text96                            142C4    142C4      446     8000       0
                text95                            13E3A    13E3A      48A     8000       0
                text94                            1910E    1910E       C0     8000       0
                text93                            185B4    185B4      126     8000       0
                text92                            14DF6    14DF6      36A     8000       0
                text91                            154B2    154B2      2FE     8000       0
                text90                            187F6    187F6      102     8000       0
                text89                            16C86    16C86      1B0     8000       0
                text88                            1748A    1748A      176     8000       0
                text87                            1AB76    1AB76       3C     8000       0
                text86                            15AAA    15AAA      288     8000       0
                text85                            1B1E0    1B1E0        A     8000       0
                text84                            1A9A6    1A9A6       44     8000       0
                text83                            161A6    161A6      1F2     8000       0
                text82                            186DA    186DA      11C     8000       0
                text81                            1470A    1470A      37A     8000       0
                text80                            19346    19346       B4     8000       0
                text79                            1A962    1A962       44     8000       0
                text78                            1B1D6    1B1D6        A     8000       0
                text77                            19F9A    19F9A       80     8000       0
                text76                            18AE8    18AE8       F2     8000       0
                text75                            1258E    1258E      55C     8000       0
                text74                            1A10E    1A10E       76     8000       0
                text73                            16E36    16E36      1AA     8000       0
                text72                            16ACA    16ACA      1BC     8000       0
                text71                            119F0    119F0      61A     8000       0
                text70                            1822E    1822E      134     8000       0
                text69                            1200A    1200A      584     8000       0
                text68                            10000    10000      9E0     8000       0
                text67                            112E8    112E8      708     8000       0
                text66                            1A844    1A844       4C     8000       0
                text65                            16FE0    16FE0      19C     8000       0
                text64                            15160    15160      352     8000       0
                text63                            1AD64    1AD64       30     8000       0
                text62                            1A094    1A094       7A     8000       0
                text61                            1AD00    1AD00       32     8000       0
                text60                            1ABB2    1ABB2       3A     8000       0
                text59                            1B0AE    1B0AE       1E     8000       0
                text58                            18DAE    18DAE       E6     8000       0
                text57                            1A5F2    1A5F2       5C     8000       0
                text56                            1B120    1B120       18     8000       0
                text55                            1AB36    1AB36       40     8000       0
                text54                            1B1F4    1B1F4        6     8000       0
                text53                            1B0CC    1B0CC       1C     8000       0
                text52                            19042    19042       CC     8000       0
                text51                            19604    19604       AC     8000       0
                text50                            1730E    1730E      17C     8000       0
                text49                            1A264    1A264       6C     8000       0
                text48                            1A64E    1A64E       58     8000       0
                text47                            1B17E    1B17E        E     8000       0
                text46                            1B1CC    1B1CC        A     8000       0
                text45                            1B1C2    1B1C2        A     8000       0
                text44                            1AAF6    1AAF6       40     8000       0
                text43                            17600    17600      172     8000       0
                text42                            12AEA    12AEA      4FE     8000       0
                text41                            17D16    17D16      148     8000       0
                text40                            16746    16746      1C8     8000       0
                text39                            17FA6    17FA6      146     8000       0
                text38                            157B0    157B0      2FA     8000       0
                text37                            18BDA    18BDA       EC     8000       0
                text36                            1AF4A    1AF4A       26     8000       0
                text35                            17772    17772      170     8000       0
                text34                            180EC    180EC      142     8000       0
                text33                            1690E    1690E      1BC     8000       0
                text32                            189F6    189F6       F2     8000       0
                text31                            18362    18362      12A     8000       0
                text30                            1848C    1848C      128     8000       0
                text29                            15D32    15D32      246     8000       0
                text28                            19D6C    19D6C       94     8000       0
                text27                            1399C    1399C      49E     8000       0
                text26                            193FA    193FA       AE     8000       0
                text25                            1AEA4    1AEA4       2A     8000       0
                text24                            1A8D8    1A8D8       46     8000       0
                text23                            1AE4C    1AE4C       2C     8000       0
                text22                            1A3A6    1A3A6       68     8000       0
                text21                            1A474    1A474       62     8000       0
                text20                            1AE20    1AE20       2C     8000       0
                text19                            1AA72    1AA72       42     8000       0
                text18                            18E94    18E94       E0     8000       0
                text17                            1A536    1A536       60     8000       0
                text16                            1ADF4    1ADF4       2C     8000       0
                text15                            1A890    1A890       48     8000       0
                text14                            1A596    1A596       5C     8000       0
                text13                            19C42    19C42       96     8000       0
                text12                            1A40E    1A40E       66     8000       0
                text11                            19944    19944       9C     8000       0
                text10                            17A52    17A52      168     8000       0
                text9                             1B138    1B138       12     8000       0
                text8                             19CD8    19CD8       94     8000       0
                text7                             19BAC    19BAC       96     8000       0
                text6                             1B006    1B006       22     8000       0
                text5                             1A4D6    1A4D6       60     8000       0
                text4                             188F8    188F8       FE     8000       0
                text3                             1ABEC    1ABEC       38     8000       0
                text2                             19804    19804       A2     8000       0
                text1                             1A01A    1A01A       7A     8000       0
                text0                             199E0    199E0       9A     8000       0
                cstackCOMRAM                        501      501       32      501       1
                cstackBANK5                         560      560       A0      560       1
                cstackBANK6                         68D      68D       55      600       1
                bssBIGRAM                           A80      A80      662      A80       1
                bssBANK10                           A00      A00       80      A00       1
                bssBANK9                            900      900       B0      900       1
                bssBANK8                            800      800       DA      800       1
                bssBANK7                            700      700      100      700       1
                dataBANK6                           6E5      6E5        1      600       1
                bssBANK6                            600      600       8D      600       1
                dataCOMRAM                          55F      55F        1      501       1
                bssCOMRAM                           533      533       2A      501       1
                cinit                             19E00    19E00       8E     8000       0
                nvBANK6                             6E2      6E2        3      600       1
                nvCOMRAM                            55D      55D        2      501       1
                _crc16_val_text                   1FFFE    1FFFE        2     FFFF       0
                _exit_boot_text                  3803FE   3803FE        2   1C01FF       0
                _loader_code_text                380000   380000      100   1C0000       0
                idataBANK6                        1B20F    1B20F        1     8000       0
                idataCOMRAM                       1B20E    1B20E        1     8000       0
                intcode                            1000     1000       1C        0       0
build/default/production/io.o
                appintcode                        12FE8    12FE8      4F2     8000       0
build/default/production/FatFS/diskio2.o
                diskio_asm_code                   1A91E    1A91E       44     8000       0

TOTAL           Name                               Link     Load   Length     Space
        CLASS   CODE           
                init                               101C     101C        4         0
                reset_vec                             0        0        4         0
                text164                           1A750    1A750       54         0
                text163                           1AEF8    1AEF8       2A         0
                text162                           1AC94    1AC94       38         0
                text161                           1AD32    1AD32       32         0
                text160                           1AC5C    1AC5C       38         0
                text159                           1B104    1B104       1C         0
                text158                           1B206    1B206        6         0
                text157                           1B200    1B200        6         0
                text156                           18CC6    18CC6       E8         0
                text155                           1B1A8    1B1A8        E         0
                text154                           1ADC4    1ADC4       30         0
                text153                           1B15C    1B15C       12         0
                text152                           1B1FA    1B1FA        6         0
                text151                           1B1B6    1B1B6        C         0
                text150                           1B14A    1B14A       12         0
                text149                           1A6FC    1A6FC       54         0
                text148                           1A33C    1A33C       6A         0
                text147                           1AFE2    1AFE2       24         0
                text146                           1A184    1A184       72         0
                text145                           1B08E    1B08E       20         0
                text144                           1AFBC    1AFBC       26         0
                text143                           1B19A    1B19A        E         0
                text142                           1B06C    1B06C       22         0
                text141                           1AF96    1AF96       26         0
                text140                           19556    19556       AE         0
                text139                           1AD94    1AD94       30         0
                text138                           1B04A    1B04A       22         0
                text137                           1ACCC    1ACCC       34         0
                text136                           1A1F6    1A1F6       6E         0
                text135                           1A7F6    1A7F6       4E         0
                text134                           19F18    19F18       82         0
                text133                           1A6A6    1A6A6       56         0
                text132                           1B0E8    1B0E8       1C         0
                text131                           1B1EA    1B1EA        A         0
                text130                           1B028    1B028       22         0
                text129                           1B18C    1B18C        E         0
                text128                           1B20C    1B20C        2         0
                text127                           19B14    19B14       98         0
                text126                           1AA2E    1AA2E       44         0
                text125                           16398    16398      1DA         0
                text124                           1B16E    1B16E       10         0
                text123                           1928E    1928E       B8         0
                text122                           1AC24    1AC24       38         0
                text121                           196B0    196B0       AC         0
                text120                           19E8E    19E8E       8A         0
                text119                           19A7A    19A7A       9A         0
                text118                           1975C    1975C       A8         0
                text117                           198A6    198A6       9E         0
                text116                           178E2    178E2      170         0
                text115                           194A8    194A8       AE         0
                text114                           15F78    15F78      22E         0
                text113                           1717C    1717C      192         0
                text112                           17E5E    17E5E      148         0
                text111                           109E0    109E0      908         0
                text110                           18F74    18F74       CE         0
                text109                           1AECE    1AECE       2A         0
                text108                           1AF22    1AF22       28         0
                text107                           1AAB4    1AAB4       42         0
                text106                           1AF70    1AF70       26         0
                text105                           134DA    134DA      4C2         0
                text104                           1AE78    1AE78       2C         0
                text103                           1A2D0    1A2D0       6C         0
                text102                           16572    16572      1D4         0
                text101                           191CE    191CE       C0         0
                text100                           17BBA    17BBA      15C         0
                text99                            1A9EA    1A9EA       44         0
                text98                            1A7A4    1A7A4       52         0
                text97                            14A84    14A84      372         0
                text96                            142C4    142C4      446         0
                text95                            13E3A    13E3A      48A         0
                text94                            1910E    1910E       C0         0
                text93                            185B4    185B4      126         0
                text92                            14DF6    14DF6      36A         0
                text91                            154B2    154B2      2FE         0
                text90                            187F6    187F6      102         0
                text89                            16C86    16C86      1B0         0
                text88                            1748A    1748A      176         0
                text87                            1AB76    1AB76       3C         0
                text86                            15AAA    15AAA      288         0
                text85                            1B1E0    1B1E0        A         0
                text84                            1A9A6    1A9A6       44         0
                text83                            161A6    161A6      1F2         0
                text82                            186DA    186DA      11C         0
                text81                            1470A    1470A      37A         0
                text80                            19346    19346       B4         0
                text79                            1A962    1A962       44         0
                text78                            1B1D6    1B1D6        A         0
                text77                            19F9A    19F9A       80         0
                text76                            18AE8    18AE8       F2         0
                text75                            1258E    1258E      55C         0
                text74                            1A10E    1A10E       76         0
                text73                            16E36    16E36      1AA         0
                text72                            16ACA    16ACA      1BC         0
                text71                            119F0    119F0      61A         0
                text70                            1822E    1822E      134         0
                text69                            1200A    1200A      584         0
                text68                            10000    10000      9E0         0
                text67                            112E8    112E8      708         0
                text66                            1A844    1A844       4C         0
                text65                            16FE0    16FE0      19C         0
                text64                            15160    15160      352         0
                text63                            1AD64    1AD64       30         0
                text62                            1A094    1A094       7A         0
                text61                            1AD00    1AD00       32         0
                text60                            1ABB2    1ABB2       3A         0
                text59                            1B0AE    1B0AE       1E         0
                text58                            18DAE    18DAE       E6         0
                text57                            1A5F2    1A5F2       5C         0
                text56                            1B120    1B120       18         0
                text55                            1AB36    1AB36       40         0
                text54                            1B1F4    1B1F4        6         0
                text53                            1B0CC    1B0CC       1C         0
                text52                            19042    19042       CC         0
                text51                            19604    19604       AC         0
                text50                            1730E    1730E      17C         0
                text49                            1A264    1A264       6C         0
                text48                            1A64E    1A64E       58         0
                text47                            1B17E    1B17E        E         0
                text46                            1B1CC    1B1CC        A         0
                text45                            1B1C2    1B1C2        A         0
                text44                            1AAF6    1AAF6       40         0
                text43                            17600    17600      172         0
                text42                            12AEA    12AEA      4FE         0
                text41                            17D16    17D16      148         0
                text40                            16746    16746      1C8         0
                text39                            17FA6    17FA6      146         0
                text38                            157B0    157B0      2FA         0
                text37                            18BDA    18BDA       EC         0
                text36                            1AF4A    1AF4A       26         0
                text35                            17772    17772      170         0
                text34                            180EC    180EC      142         0
                text33                            1690E    1690E      1BC         0
                text32                            189F6    189F6       F2         0
                text31                            18362    18362      12A         0
                text30                            1848C    1848C      128         0
                text29                            15D32    15D32      246         0
                text28                            19D6C    19D6C       94         0
                text27                            1399C    1399C      49E         0
                text26                            193FA    193FA       AE         0
                text25                            1AEA4    1AEA4       2A         0
                text24                            1A8D8    1A8D8       46         0
                text23                            1AE4C    1AE4C       2C         0
                text22                            1A3A6    1A3A6       68         0
                text21                            1A474    1A474       62         0
                text20                            1AE20    1AE20       2C         0
                text19                            1AA72    1AA72       42         0
                text18                            18E94    18E94       E0         0
                text17                            1A536    1A536       60         0
                text16                            1ADF4    1ADF4       2C         0
                text15                            1A890    1A890       48         0
                text14                            1A596    1A596       5C         0
                text13                            19C42    19C42       96         0
                text12                            1A40E    1A40E       66         0
                text11                            19944    19944       9C         0
                text10                            17A52    17A52      168         0
                text9                             1B138    1B138       12         0
                text8                             19CD8    19CD8       94         0
                text7                             19BAC    19BAC       96         0
                text6                             1B006    1B006       22         0
                text5                             1A4D6    1A4D6       60         0
                text4                             188F8    188F8       FE         0
                text3                             1ABEC    1ABEC       38         0
                text2                             19804    19804       A2         0
                text1                             1A01A    1A01A       7A         0
                text0                             199E0    199E0       9A         0
                cinit                             19E00    19E00       8E         0
                _crc16_val_text                   1FFFE    1FFFE        2         0
                _exit_boot_text                  3803FE   3803FE        2         0
                _loader_code_text                380000   380000      100         0
                idataBANK6                        1B20F    1B20F        1         0
                idataCOMRAM                       1B20E    1B20E        1         0
                intcode                            1000     1000       1C         0
                appintcode                        12FE8    12FE8      4F2         0
                diskio_asm_code                   1A91E    1A91E       44         0

        CLASS   CONST          

        CLASS   SMALLCONST     

        CLASS   MEDIUMCONST    
                mediumconst                        FAFA     FAFA      506         0

        CLASS   COMRAM         
                cstackCOMRAM                        501      501       32         1
                dataCOMRAM                          55F      55F        1         1
                bssCOMRAM                           533      533       2A         1
                nvCOMRAM                            55D      55D        2         1

        CLASS   ABS1           

        CLASS   BIGRAM         
                bssBIGRAM                           A80      A80      662         1

        CLASS   RAM            

        CLASS   BANK5          
                cstackBANK5                         560      560       A0         1

        CLASS   BANK6          
                cstackBANK6                         68D      68D       55         1
                dataBANK6                           6E5      6E5        1         1
                bssBANK6                            600      600       8D         1
                nvBANK6                             6E2      6E2        3         1

        CLASS   BANK7          
                bssBANK7                            700      700      100         1

        CLASS   BANK8          
                bssBANK8                            800      800       DA         1

        CLASS   BANK9          
                bssBANK9                            900      900       B0         1

        CLASS   BANK10         
                bssBANK10                           A00      A00       80         1

        CLASS   BANK11         

        CLASS   BANK12         

        CLASS   BANK13         

        CLASS   BANK14         

        CLASS   BANK15         

        CLASS   BANK16         

        CLASS   BANK17         

        CLASS   BANK18         

        CLASS   BANK19         

        CLASS   BANK20         

        CLASS   BANK21         

        CLASS   BANK22         

        CLASS   BANK23         

        CLASS   BANK24         

        CLASS   BANK25         

        CLASS   BANK26         

        CLASS   BANK27         

        CLASS   BANK28         

        CLASS   BANK29         

        CLASS   BANK30         

        CLASS   BANK31         

        CLASS   BANK32         

        CLASS   BANK33         

        CLASS   BANK34         

        CLASS   BANK35         

        CLASS   BANK36         

        CLASS   BANK37         

        CLASS   BANK38         

        CLASS   BANK39         

        CLASS   BANK40         

        CLASS   BANK41         

        CLASS   BANK42         

        CLASS   BANK43         

        CLASS   BANK44         

        CLASS   BANK45         

        CLASS   BANK46         

        CLASS   BANK47         

        CLASS   BANK48         

        CLASS   BANK49         

        CLASS   BANK50         

        CLASS   BANK51         

        CLASS   BANK52         

        CLASS   BANK53         

        CLASS   BANK54         

        CLASS   SFR            

        CLASS   BIGSFR         

        CLASS   CONFIG         
                config                           300000   300000       23         4

        CLASS   IDLOC          

        CLASS   EEDATA         

        CLASS   FARRAM         

        CLASS   HEAP           

        CLASS   STACK          

        CLASS   UDATA          



SEGMENTS        Name                           Load    Length   Top    Selector   Space  Class

                reset_vec                      000000  000004  000004         0       0  CODE    
                cstackCOMRAM                   000501  00005F  000560       501       1  COMRAM  
                cstackBANK5                    000560  0000A0  000600       560       1  BANK5   
                bssBANK6                       000600  0000E6  0006E6       600       1  BANK6   
                bssBANK7                       000700  000100  000800       700       1  BANK7   
                bssBANK8                       000800  0000DA  0008DA       800       1  BANK8   
                bssBANK9                       000900  0000B0  0009B0       900       1  BANK9   
                bssBANK10                      000A00  000080  000A80       A00       1  BANK10  
                bssBIGRAM                      000A80  000662  0010E2       A80       1  BIGRAM  
                init                           00101C  000004  001020       80E       0  CODE    
                mediumconst                    00FAFA  000506  010000      7D7D       0  MEDIUMCO
                text68                         010000  00B210  01B210      8000       0  CODE    
                _crc16_val_text                01FFFE  000002  020000      FFFF       0  CODE    
                _loader_code_text              380000  000100  380100    1C0000       0  CODE    
                _exit_boot_text                3803FE  000002  380400    1C01FF       0  CODE    


UNUSED ADDRESS RANGES

        Name                Unused          Largest block    Delta
        BANK16           0010E2-0010FF               1E
        BANK17           001100-0011FF              100
        BANK18           001200-0012FF              100
        BANK19           001300-0013FF              100
        BANK20           001400-0014FF              100
        BANK21           001500-0015FF              100
        BANK22           001600-0016FF              100
        BANK23           001700-0017FF              100
        BANK24           001800-0018FF              100
        BANK25           001900-0019FF              100
        BANK26           001A00-001AFF              100
        BANK27           001B00-001BFF              100
        BANK28           001C00-001CFF              100
        BANK29           001D00-001DFF              100
        BANK30           001E00-001EFF              100
        BANK31           001F00-001FFF              100
        BANK32           002000-0020FF              100
        BANK33           002100-0021FF              100
        BANK34           002200-0022FF              100
        BANK35           002300-0023FF              100
        BANK36           002400-0024FF              100
        BANK37           002500-0025FF              100
        BANK38           002600-0026FF              100
        BANK39           002700-0027FF              100
        BANK40           002800-0028FF              100
        BANK41           002900-0029FF              100
        BANK42           002A00-002AFF              100
        BANK43           002B00-002BFF              100
        BANK44           002C00-002CFF              100
        BANK45           002D00-002DFF              100
        BANK46           002E00-002EFF              100
        BANK47           002F00-002FFF              100
        BANK48           003000-0030FF              100
        BANK49           003100-0031FF              100
        BANK50           003200-0032FF              100
        BANK51           003300-0033FF              100
        BANK52           003400-0034FF              100
        BANK53           003500-0035FF              100
        BANK54           003600-0036FF              100
        BANK6            0006E6-0006FF               1A
        BANK8            0008DA-0008FF               26
        BANK9            0009B0-0009FF               50
        BIGRAM           0006E6-0006FF               1A
                         0008DA-0008FF               26
                         0009B0-0009FF               50
                         0010E2-0036FF             261E
        BIGSFR           000000-0004FF              500
                         003700-003FFF              900
        CODE             000004-000FFF              FFC
                         001020-00FAF9             EADA
                         01B210-01FFFD             4DEE
        CONFIG           300023-300023                1
        CONST            000004-000FFF              FFC
                         001020-00FAF9             EADA
                         01B210-01FFFD             4DEE
        EEDATA           380000-3803FF              400
        IDLOC            200000-20003F               40
        MEDIUMCONST      003700-00FAF9             C3FA
                         01B210-01FFFD             4DEE
        RAM              0006E6-0006FF               1A
                         0008DA-0008FF               26
                         0009B0-0009FF               50
                         0010E2-0036FF              100
        SFR              000000-0004FF              100
                         003700-003FFF              100
        SMALLCONST       003700-00FAF9              100
                         01B210-01FFFD              100

                                  Symbol Table

?___lldiv                                      cstackCOMRAM      000506
?___lmul                                       cstackCOMRAM      000506
?___lwdiv                                      cstackCOMRAM      000506
?___wmul                                       cstackCOMRAM      000506
?_check_fs                                     cstackBANK5       000566
?_clmt_clust                                   cstackCOMRAM      000513
?_clst2sect                                    cstackCOMRAM      000512
?_cmp_lfn                                      cstackCOMRAM      000518
?_create_chain                                 cstackBANK5       000587
?_dbc_1st                                      cstackCOMRAM      000506
?_dbc_2nd                                      cstackCOMRAM      000506
?_dmk_get_track_header                         cstackBANK5       0005EB
?_ff_oem2uni                                   cstackCOMRAM      000506
?_ff_uni2oem                                   cstackCOMRAM      000506
?_ff_wtoupper                                  cstackCOMRAM      000506
?_find_volume                                  cstackBANK5       000574
?_get_fat                                      cstackBANK5       000566
?_get_ldnumber                                 cstackCOMRAM      000506
?_i2c_read                                     cstackCOMRAM      000506
?_ld_clust                                     cstackCOMRAM      00050D
?_ld_dword                                     cstackCOMRAM      000506
?_ld_word                                      cstackCOMRAM      000506
?_memcmp                                       cstackCOMRAM      000506
?_pick_lfn                                     cstackCOMRAM      00050D
?_put_utf                                      cstackCOMRAM      000514
?_strchr                                       cstackCOMRAM      000506
?_strlen                                       cstackCOMRAM      000506
?_tchar2uni                                    cstackCOMRAM      000514
EEPROM_Write@address                           cstackCOMRAM      000506
EEPROM_Write@data                              cstackCOMRAM      000509
EEPROM_Write@globalInterruptBitValue           cstackCOMRAM      00050D
NVM_UnlockKeySet@unlockKey                     cstackCOMRAM      000506
TMR2_OverflowCallbackRegister@InterruptHandler cstackCOMRAM      000506
_ACTCON                                        (abs)             0000AC
_ANSELA                                        (abs)             000400
_ANSELB                                        (abs)             000408
_ANSELC                                        (abs)             000410
_ANSELD                                        (abs)             000418
_ANSELE                                        (abs)             000420
_CLOCK_Initialize                              text159           01B104
_CardType                                      bssCOMRAM         000559
_EEPROM_Write                                  text48            01A64E
_ExCvt                                         mediumconst       00FAFB
_FatFs                                         bssBANK6          000618
_Fsid                                          bssBANK6          000616
_INLVLA                                        (abs)             000404
_INLVLB                                        (abs)             00040C
_INLVLC                                        (abs)             000414
_INLVLD                                        (abs)             00041C
_INLVLE                                        (abs)             000424
_INTCON0bits                                   (abs)             0004D6
_IOCAF                                         (abs)             000407
_IOCAN                                         (abs)             000406
_IOCAP                                         (abs)             000405
_IOCBF                                         (abs)             00040F
_IOCBN                                         (abs)             00040E
_IOCBP                                         (abs)             00040D
_IOCCF                                         (abs)             000417
_IOCCN                                         (abs)             000416
_IOCCP                                         (abs)             000415
_IOCEF                                         (abs)             000427
_IOCEN                                         (abs)             000426
_IOCEP                                         (abs)             000425
_IPR10bits                                     (abs)             00036C
_IPR3bits                                      (abs)             000365
_IPR4bits                                      (abs)             000366
_IPR6bits                                      (abs)             000368
_IVTBASEH                                      (abs)             00045E
_IVTBASEL                                      (abs)             00045D
_IVTBASEU                                      (abs)             00045F
_IVTLOCK                                       (abs)             000459
_IVTLOCKbits                                   (abs)             000459
_LATA                                          (abs)             0004BE
_LATAbits                                      (abs)             0004BE
_LATB                                          (abs)             0004BF
_LATBbits                                      (abs)             0004BF
_LATC                                          (abs)             0004C0
_LATCbits                                      (abs)             0004C0
_LATD                                          (abs)             0004C1
_LATE                                          (abs)             0004C2
_LfnBuf                                        bssBANK9          000980
_LfnOfs                                        mediumconst       00FBBD
_NVMADRH                                       (abs)             000044
_NVMADRL                                       (abs)             000043
_NVMADRU                                       (abs)             000045
_NVMCON0bits                                   (abs)             000040
_NVMCON1bits                                   (abs)             000041
_NVMDATH                                       (abs)             000047
_NVMDATL                                       (abs)             000046
_NVMLOCK                                       (abs)             000042
_NVM_Initialize                                text157           01B200
_NVM_IsBusy                                    text47            01B17E
_NVM_StatusClear                               text158           01B206
_NVM_UnlockKeyClear                            text46            01B1CC
_NVM_UnlockKeySet                              text45            01B1C2
_ODCONA                                        (abs)             000402
_ODCONB                                        (abs)             00040A
_ODCONC                                        (abs)             000412
_ODCOND                                        (abs)             00041A
_ODCONE                                        (abs)             000422
_OSCCON1                                       (abs)             0000AD
_OSCCON3                                       (abs)             0000AF
_OSCEN                                         (abs)             0000B3
_OSCFRQ                                        (abs)             0000B1
_OSCTUNE                                       (abs)             0000B0
_PIE10bits                                     (abs)             0004A8
_PIE3bits                                      (abs)             0004A1
_PIE4bits                                      (abs)             0004A2
_PIE6bits                                      (abs)             0004A4
_PIN_MANAGER_Initialize                        text156           018CC6
_PIR10bits                                     (abs)             0004B8
_PIR3bits                                      (abs)             0004B1
_PIR4bits                                      (abs)             0004B2
_PORTB                                         (abs)             0004CF
_PORTCbits                                     (abs)             0004D0
_PR2                                           (abs)             000323
_RB1I2C                                        (abs)             000289
_RB2I2C                                        (abs)             000288
_RC3I2C                                        (abs)             000287
_RC3PPS                                        (abs)             000214
_RC4I2C                                        (abs)             000286
_RC5PPS                                        (abs)             000216
_RC6PPS                                        (abs)             000217
_Retry                                         bssBANK6          000633
_SLRCONA                                       (abs)             000403
_SLRCONB                                       (abs)             00040B
_SLRCONC                                       (abs)             000413
_SLRCOND                                       (abs)             00041B
_SLRCONE                                       (abs)             000423
_SPI1BAUD                                      (abs)             000089
_SPI1CLK                                       (abs)             00008C
_SPI1CON0                                      (abs)             000084
_SPI1CON0bits                                  (abs)             000084
_SPI1CON1                                      (abs)             000085
_SPI1CON2                                      (abs)             000086
_SPI1RXB                                       (abs)             000080
_SPI1SCKPPS                                    (abs)             00026A
_SPI1SDIPPS                                    (abs)             00026B
_SPI1TCNTL                                     (abs)             000082
_SPI1TXB                                       (abs)             000081
_SYSTEM_Initialize                             text153           01B15C
_Stat                                          dataCOMRAM        00055F
_T2CLKCON                                      (abs)             000326
_T2CON                                         (abs)             000324
_T2CONbits                                     (abs)             000324
_T2HLT                                         (abs)             000325
_T2HLTbits                                     (abs)             000325
_T2PR                                          (abs)             000323
_T2RST                                         (abs)             000327
_T2RSTbits                                     (abs)             000327
_T2TMR                                         (abs)             000322
_TABLAT                                        (abs)             0004F5
_TBLPTRH                                       (abs)             0004F7
_TBLPTRL                                       (abs)             0004F6
_TBLPTRU                                       (abs)             0004F8
_TMR2                                          (abs)             000322
_TMR2_DefaultOverflowCallback                  (abs)             000000
_TMR2_Initialize                               text154           01ADC4
_TMR2_OverflowCallback                         nvBANK6           0006E2
_TMR2_OverflowCallbackRegister                 text155           01B1A8
_TMR2_PeriodCountSet                           (abs)             000000
_TMR2_Start                                    text152           01B1FA
_TMR2_Stop                                     (abs)             000000
_TRISA                                         (abs)             0004C6
_TRISAbits                                     (abs)             0004C6
_TRISB                                         (abs)             0004C7
_TRISBbits                                     (abs)             0004C7
_TRISC                                         (abs)             0004C8
_TRISCbits                                     (abs)             0004C8
_TRISD                                         (abs)             0004C9
_TRISE                                         (abs)             0004CA
_TRISEbits                                     (abs)             0004CA
_Timer1                                        bssCOMRAM         00055B
_Timer2                                        mediumconst       00FBAB
_Timer2@diskio$F110                            bssCOMRAM         00055A
_U1BRGH                                        (abs)             0002AF
_U1BRGL                                        (abs)             0002AE
_U1CON0                                        (abs)             0002AB
_U1CON1                                        (abs)             0002AC
_U1CON2                                        (abs)             0002AD
_U1ERRIE                                       (abs)             0002B3
_U1ERRIR                                       (abs)             0002B2
_U1ERRIRbits                                   (abs)             0002B2
_U1FIFO                                        (abs)             0002B0
_U1P1H                                         (abs)             0002A6
_U1P1L                                         (abs)             0002A5
_U1P2H                                         (abs)             0002A8
_U1P2L                                         (abs)             0002A7
_U1P3H                                         (abs)             0002AA
_U1P3L                                         (abs)             0002A9
_U1RXB                                         (abs)             0002A1
_U1RXCHK                                       (abs)             0002A2
_U1RXPPS                                       (abs)             000272
_U1TXB                                         (abs)             0002A3
_U1TXCHK                                       (abs)             0002A4
_U1UIR                                         (abs)             0002B1
_UART1_RxInterruptHandler                      bssBANK6          00060E
_UART1_TxInterruptHandler                      bssBANK6          000611
_WPUA                                          (abs)             000401
_WPUB                                          (abs)             000409
_WPUC                                          (abs)             000411
_WPUD                                          (abs)             000419
_WPUE                                          (abs)             000421
__HRAM                                         (abs)             000000
__H__absolute__                                __absolute__      000000
__H_crc16_val_text                             _crc16_val_text   020000
__H_exit_boot_text                             _exit_boot_text   380400
__H_loader_code_text                           _loader_code_text 380100
__Habs1                                        abs1              000000
__Happintcode                                  appintcode        000000
__Happintdata                                  appintdata        000000
__Hbank10                                      bank10            000000
__Hbank11                                      bank11            000000
__Hbank12                                      bank12            000000
__Hbank13                                      bank13            000000
__Hbank14                                      bank14            000000
__Hbank15                                      bank15            000000
__Hbank16                                      bank16            000000
__Hbank17                                      bank17            000000
__Hbank18                                      bank18            000000
__Hbank19                                      bank19            000000
__Hbank20                                      bank20            000000
__Hbank21                                      bank21            000000
__Hbank22                                      bank22            000000
__Hbank23                                      bank23            000000
__Hbank24                                      bank24            000000
__Hbank25                                      bank25            000000
__Hbank26                                      bank26            000000
__Hbank27                                      bank27            000000
__Hbank28                                      bank28            000000
__Hbank29                                      bank29            000000
__Hbank30                                      bank30            000000
__Hbank31                                      bank31            000000
__Hbank32                                      bank32            000000
__Hbank33                                      bank33            000000
__Hbank34                                      bank34            000000
__Hbank35                                      bank35            000000
__Hbank36                                      bank36            000000
__Hbank37                                      bank37            000000
__Hbank38                                      bank38            000000
__Hbank39                                      bank39            000000
__Hbank40                                      bank40            000000
__Hbank41                                      bank41            000000
__Hbank42                                      bank42            000000
__Hbank43                                      bank43            000000
__Hbank44                                      bank44            000000
__Hbank45                                      bank45            000000
__Hbank46                                      bank46            000000
__Hbank47                                      bank47            000000
__Hbank48                                      bank48            000000
__Hbank49                                      bank49            000000
__Hbank5                                       bank5             000000
__Hbank50                                      bank50            000000
__Hbank51                                      bank51            000000
__Hbank52                                      bank52            000000
__Hbank53                                      bank53            000000
__Hbank54                                      bank54            000000
__Hbank6                                       bank6             000000
__Hbank7                                       bank7             000000
__Hbank8                                       bank8             000000
__Hbank9                                       bank9             000000
__Hbigbss                                      bigbss            000000
__Hbigdata                                     bigdata           000000
__Hbigram                                      bigram            000000
__Hbigsfr                                      bigsfr            000000
__Hbss                                         bss               000000
__HbssBANK10                                   bssBANK10         000000
__HbssBANK6                                    bssBANK6          000000
__HbssBANK7                                    bssBANK7          000000
__HbssBANK8                                    bssBANK8          000000
__HbssBANK9                                    bssBANK9          000000
__HbssBIGRAM                                   bssBIGRAM         000000
__HbssCOMRAM                                   bssCOMRAM         000000
__Hcinit                                       cinit             000000
__Hclrtext                                     clrtext           000000
__Hcode                                        code              000000
__Hcomram                                      comram            000000
__Hconfig                                      config            300023
__Hconst                                       const             000000
__HcstackBANK5                                 cstackBANK5       000000
__HcstackBANK6                                 cstackBANK6       000000
__HcstackCOMRAM                                cstackCOMRAM      000000
__Hdata                                        data              000000
__HdataBANK6                                   dataBANK6         000000
__HdataCOMRAM                                  dataCOMRAM        000000
__Hdiskio_asm_code                             diskio_asm_code   000000
__Hdiskio_asm_data                             diskio_asm_data   000000
__Hedata                                       edata             000000
__Heeprom_data                                 eeprom_data       000000
__Hfarbss                                      farbss            000000
__Hfardata                                     fardata           000000
__Hheap                                        heap              000000
__Hibigdata                                    ibigdata          000000
__Hidata                                       idata             000000
__HidataBANK6                                  idataBANK6        000000
__HidataCOMRAM                                 idataCOMRAM       000000
__Hidloc                                       idloc             000000
__Hifardata                                    ifardata          000000
__Hinit                                        init              001020
__Hintcode                                     intcode           00101C
__Hintsave_regs                                intsave_regs      000000
__Hirdata                                      irdata            000000
__Hmediumconst                                 mediumconst       010000
__HnvBANK6                                     nvBANK6           000000
__HnvCOMRAM                                    nvCOMRAM          000000
__HnvFARRAM                                    nvFARRAM          000000
__Hnvbit                                       nvbit             000000
__Hnvrram                                      nvrram            000000
__Hparam                                       rparam            000000
__Hpowerup                                     powerup           000000
__Hram                                         ram               000000
__Hramtop                                      ramtop            003700
__Hrbit                                        rbit              000000
__Hrbss                                        rbss              000000
__Hrdata                                       rdata             000000
__Hreset_vec                                   reset_vec         000004
__Hrparam                                      rparam            000000
__Hsfr                                         sfr               000000
__Hsmallconst                                  smallconst        000000
__Hspace_0                                     (abs)             380400
__Hspace_1                                     (abs)             0010E2
__Hspace_2                                     (abs)             000000
__Hspace_3                                     (abs)             000000
__Hspace_4                                     (abs)             600023
__Hstack                                       stack             000000
__Hstruct                                      struct            000000
__Htemp                                        temp              000000
__Htext                                        text              000000
__Htext0                                       text0             000000
__Htext1                                       text1             000000
__Htext10                                      text10            000000
__Htext100                                     text100           000000
__Htext101                                     text101           000000
__Htext102                                     text102           000000
__Htext103                                     text103           000000
__Htext104                                     text104           000000
__Htext105                                     text105           000000
__Htext106                                     text106           000000
__Htext107                                     text107           000000
__Htext108                                     text108           000000
__Htext109                                     text109           000000
__Htext11                                      text11            000000
__Htext110                                     text110           000000
__Htext111                                     text111           000000
__Htext112                                     text112           000000
__Htext113                                     text113           000000
__Htext114                                     text114           000000
__Htext115                                     text115           000000
__Htext116                                     text116           000000
__Htext117                                     text117           000000
__Htext118                                     text118           000000
__Htext119                                     text119           000000
__Htext12                                      text12            000000
__Htext120                                     text120           000000
__Htext121                                     text121           000000
__Htext122                                     text122           000000
__Htext123                                     text123           000000
__Htext124                                     text124           000000
__Htext125                                     text125           000000
__Htext126                                     text126           000000
__Htext127                                     text127           000000
__Htext128                                     text128           000000
__Htext129                                     text129           000000
__Htext13                                      text13            000000
__Htext130                                     text130           000000
__Htext131                                     text131           000000
__Htext132                                     text132           000000
__Htext133                                     text133           000000
__Htext134                                     text134           000000
__Htext135                                     text135           000000
__Htext136                                     text136           000000
__Htext137                                     text137           000000
__Htext138                                     text138           000000
__Htext139                                     text139           000000
__Htext14                                      text14            000000
__Htext140                                     text140           000000
__Htext141                                     text141           000000
__Htext142                                     text142           000000
__Htext143                                     text143           000000
__Htext144                                     text144           000000
__Htext145                                     text145           000000
__Htext146                                     text146           000000
__Htext147                                     text147           000000
__Htext148                                     text148           000000
__Htext149                                     text149           000000
__Htext15                                      text15            000000
__Htext150                                     text150           000000
__Htext151                                     text151           000000
__Htext152                                     text152           000000
__Htext153                                     text153           000000
__Htext154                                     text154           000000
__Htext155                                     text155           000000
__Htext156                                     text156           000000
__Htext157                                     text157           000000
__Htext158                                     text158           000000
__Htext159                                     text159           000000
__Htext16                                      text16            000000
__Htext160                                     text160           000000
__Htext161                                     text161           000000
__Htext162                                     text162           000000
__Htext163                                     text163           000000
__Htext164                                     text164           000000
__Htext17                                      text17            000000
__Htext18                                      text18            000000
__Htext19                                      text19            000000
__Htext2                                       text2             000000
__Htext20                                      text20            000000
__Htext21                                      text21            000000
__Htext22                                      text22            000000
__Htext23                                      text23            000000
__Htext24                                      text24            000000
__Htext25                                      text25            000000
__Htext26                                      text26            000000
__Htext27                                      text27            000000
__Htext28                                      text28            000000
__Htext29                                      text29            000000
__Htext3                                       text3             000000
__Htext30                                      text30            000000
__Htext31                                      text31            000000
__Htext32                                      text32            000000
__Htext33                                      text33            000000
__Htext34                                      text34            000000
__Htext35                                      text35            000000
__Htext36                                      text36            000000
__Htext37                                      text37            000000
__Htext38                                      text38            000000
__Htext39                                      text39            000000
__Htext4                                       text4             000000
__Htext40                                      text40            000000
__Htext41                                      text41            000000
__Htext42                                      text42            000000
__Htext43                                      text43            000000
__Htext44                                      text44            000000
__Htext45                                      text45            000000
__Htext46                                      text46            000000
__Htext47                                      text47            000000
__Htext48                                      text48            000000
__Htext49                                      text49            000000
__Htext5                                       text5             000000
__Htext50                                      text50            000000
__Htext51                                      text51            000000
__Htext52                                      text52            000000
__Htext53                                      text53            000000
__Htext54                                      text54            000000
__Htext55                                      text55            000000
__Htext56                                      text56            000000
__Htext57                                      text57            000000
__Htext58                                      text58            000000
__Htext59                                      text59            000000
__Htext6                                       text6             000000
__Htext60                                      text60            000000
__Htext61                                      text61            000000
__Htext62                                      text62            000000
__Htext63                                      text63            000000
__Htext64                                      text64            000000
__Htext65                                      text65            000000
__Htext66                                      text66            000000
__Htext67                                      text67            000000
__Htext68                                      text68            000000
__Htext69                                      text69            000000
__Htext7                                       text7             000000
__Htext70                                      text70            000000
__Htext71                                      text71            000000
__Htext72                                      text72            000000
__Htext73                                      text73            000000
__Htext74                                      text74            000000
__Htext75                                      text75            000000
__Htext76                                      text76            000000
__Htext77                                      text77            000000
__Htext78                                      text78            000000
__Htext79                                      text79            000000
__Htext8                                       text8             000000
__Htext80                                      text80            000000
[...]
put_utf@chr                                    cstackCOMRAM      000514
put_utf@szb                                    cstackCOMRAM      00051A
put_utf@wc                                     cstackCOMRAM      00051C
rcvr_datablock@btr                             cstackCOMRAM      000509
rcvr_datablock@buff                            cstackCOMRAM      000507
rcvr_datablock@crcH                            bssBANK6          000631
rcvr_datablock@crcL                            bssBANK6          000630
rcvr_datablock@token                           bssBANK6          000632
read_sector@d                                  cstackBANK5       0005B0
read_sector@nbytes                             cstackBANK5       0005AD
read_sector@res                                cstackBANK5       0005AF
remove_chain@clst                              cstackBANK5       000589
remove_chain@fs                                cstackBANK5       00059E
remove_chain@nxt                               cstackBANK5       000599
remove_chain@obj                               cstackBANK5       000587
remove_chain@pclst                             cstackBANK5       00058D
remove_chain@res                               cstackBANK5       00059D
send_cmd@arg                                   cstackCOMRAM      00050D
send_cmd@cmd                                   cstackCOMRAM      000511
send_cmd@res                                   bssBANK6          00062D
send_cmdx@arg                                  cstackCOMRAM      000508
send_cmdx@cmd                                  cstackCOMRAM      00050C
send_cmdx@n                                    bssCOMRAM         000558
send_cmdx@res                                  bssBANK6          00062E
set_disk_emutype@count                         cstackBANK5       0005ED
set_disk_emutype@nbytes                        cstackBANK5       0005F0
set_disk_emutype@res                           cstackBANK5       0005EF
st_clust@cl                                    cstackCOMRAM      00050E
st_clust@dir                                   cstackCOMRAM      00050C
st_clust@fs                                    cstackCOMRAM      00050A
st_dword@ptr                                   cstackCOMRAM      000506
st_dword@val                                   cstackCOMRAM      000508
st_word@ptr                                    cstackCOMRAM      000506
st_word@val                                    cstackCOMRAM      000508
stackhi                                        (abs)             000000
stacklo                                        (abs)             000000
start                                          init              00101C
start_initialization                           cinit             019E00
strchr@c                                       cstackCOMRAM      000508
strchr@s                                       cstackCOMRAM      000506
strcpy@d                                       cstackCOMRAM      00050C
strcpy@dest                                    cstackCOMRAM      000506
strcpy@src                                     cstackCOMRAM      000508
strlen@a                                       cstackCOMRAM      000508
strlen@s                                       cstackCOMRAM      000506
sum_sfn@dir                                    cstackCOMRAM      000506
sum_sfn@n                                      cstackCOMRAM      000509
sum_sfn@sum                                    cstackCOMRAM      00050B
sync_fs@fs                                     cstackCOMRAM      00052E
sync_fs@res                                    cstackCOMRAM      000530
sync_window@fs                                 cstackCOMRAM      00051B
sync_window@res                                cstackCOMRAM      00052D
tchar2uni@b                                    cstackCOMRAM      00051E
tchar2uni@p                                    cstackCOMRAM      00051F
tchar2uni@str                                  cstackCOMRAM      000514
tchar2uni@uc                                   cstackCOMRAM      00051A
tchar2uni@wc                                   cstackCOMRAM      000521
trs_extra_bootloader@step                      cstackCOMRAM      000514
trs_extra_image@step                           cstackBANK6       0006DC
trs_extra_infodrive@d                          cstackCOMRAM      000515
trs_extra_infodrive@drive_num                  cstackCOMRAM      000514
trs_extra_infodrive@step                       cstackCOMRAM      000513
trs_extra_mountdrive@drive_num                 cstackBANK5       0005FF
trs_extra_mountdrive@step                      cstackBANK5       0005FE
trs_extra_opendir@step                         cstackBANK5       0005E0
trs_extra_openfile@sect                        cstackBANK5       0005FB
trs_extra_openfile@step                        cstackBANK5       0005FA
trs_extra_read_header@d                        cstackBANK5       0005EE
trs_extra_read_header@n                        cstackBANK5       0005EC
trs_extra_read_header@step                     cstackBANK5       0005EB
trs_extra_readfile@n                           cstackBANK5       0005AB
trs_extra_seekfile@offset                      cstackBANK5       0005EC
trs_extra_seekfile@step                        cstackBANK5       0005EB
trs_extra_settime@step                         cstackCOMRAM      00050D
trs_extra_stream@sector                        cstackCOMRAM      000519
trs_extra_stream@step                          cstackCOMRAM      000518
trs_extra_writefile@n                          cstackBANK5       0005D0
trs_extra_writefile@step                       cstackBANK5       0005CF
trs_hard_init@i                                cstackCOMRAM      00050E
trs_sync@clean                                 cstackBANK5       00058A
trs_sync@d                                     cstackBANK5       00058D
trs_sync@found                                 cstackBANK5       00058B
trs_sync@i                                     cstackBANK5       00058C
unbcd@i                                        cstackCOMRAM      000506
unbcd@res                                      cstackCOMRAM      000507
unbcd@x                                        cstackCOMRAM      000508
update_present@i                               cstackCOMRAM      000507
update_present@p                               cstackCOMRAM      000506
update_status@new_status                       cstackCOMRAM      000506
usart_puts2@str                                cstackCOMRAM      00050A
usart_puts@str                                 cstackCOMRAM      000507
usart_send@data                                cstackCOMRAM      000506
validate@obj                                   cstackCOMRAM      000507
validate@res                                   cstackCOMRAM      000511
validate@rfs                                   cstackCOMRAM      000509
wait_ready@res                                 cstackCOMRAM      000507
write_header@file                              cstackBANK5       0005EB
write_header@nbytes                            cstackBANK5       0005ED
write_header@res                               cstackBANK5       0005EF
write_header@rhh                               cstackBANK5       0005F0
write_sector@d                                 cstackBANK5       0005D1
write_sector@nbytes                            cstackBANK5       0005CF
write_sector@res                               cstackBANK5       0005D3
xchg_spi@dat                                   cstackCOMRAM      000506
xmit_datablock@bc                              bssBANK6          00061E
xmit_datablock@buff                            cstackCOMRAM      000508
xmit_datablock@ptr                             bssBANK6          00061C
xmit_datablock@resp                            bssBANK6          00062F
xmit_datablock@token                           cstackCOMRAM      00050A


MODULE INFORMATION

Module		Function		Class		Link	Load	Size
serial.c
		_usart_puts    		CODE           	1ABB2	0000	58
		_usart_puts2   		CODE           	1B0AE	0000	30
		_usart_send    		CODE           	1AD00	0000	50
		_usart_init    		CODE           	1A01A	0000	122
		_serial_rx_int 		CODE           	1AC94	0000	56
		_serial_tx_int 		CODE           	1AD32	0000	50

serial.c estimated size: 366

sw_i2c.c
		_i2c_putc      		CODE           	1B08E	0000	32
		_i2c_puts      		CODE           	1ACCC	0000	52
		_i2c_ack       		CODE           	1AFE2	0000	36
		_i2c_start     		CODE           	1B19A	0000	14
		_i2c_restart   		CODE           	1AFBC	0000	38
		_i2c_clock_test		CODE           	1B14A	0000	18
		_i2c_write     		CODE           	1A184	0000	114
		_i2c_stop      		CODE           	1B06C	0000	34
		_i2c_read      		CODE           	1A6FC	0000	84
		_i2c_init      		CODE           	1B1F4	0000	6
		_i2c_gets      		CODE           	1A33C	0000	106

sw_i2c.c estimated size: 534

C:\Program Files\Microchip\xc8\v2.46\pic\sources\c99\common\lwdiv.c
		___lwdiv       		CODE           	1A7A4	0000	82

C:\Program Files\Microchip\xc8\v2.46\pic\sources\c99\common\lwdiv.c estimated size: 82

C:\Program Files\Microchip\xc8\v2.46\pic\sources\c99\common\lbmod.c
		___lbmod       		CODE           	1AECE	0000	42

C:\Program Files\Microchip\xc8\v2.46\pic\sources\c99\common\lbmod.c estimated size: 42

dsk.c
		_jv3_find_sector		CODE           	16746	0000	456
		_jv1_open      		CODE           	1AF4A	0000	38
		_jv1_readsec   		CODE           	17D16	0000	328
		_jv3_open      		CODE           	17772	0000	368
		_jv3_readsec   		CODE           	17FA6	0000	326
		_set_disk_emutype		CODE           	180EC	0000	322
		_process_image_cmd		CODE           	189F6	0000	242
		_dmk_open      		CODE           	18BDA	0000	236
		_dmk_readsec   		CODE           	12AEA	0000	1278
		_dmk_analyze   		CODE           	157B0	0000	762
		_open_dsk_image		CODE           	1690E	0000	444
		_dmk_get_track_header		CODE           	17600	0000	370

dsk.c estimated size: 5170

C:\Program Files\Microchip\xc8\v2.46\pic\sources\c99\common\strlen.c
		_strlen        		CODE           	1AEA4	0000	42

C:\Program Files\Microchip\xc8\v2.46\pic\sources\c99\common\strlen.c estimated size: 42

FatFS/ffunicode.c
		_ff_oem2uni    		CODE           	19F9A	0000	128
		_ff_wtoupper   		CODE           	16C86	0000	432
		_ff_uni2oem    		CODE           	19346	0000	180

FatFS/ffunicode.c estimated size: 740

C:\Program Files\Microchip\xc8\v2.46\pic\sources\c99\common\strchr.c
		_strchr        		CODE           	1A962	0000	68

C:\Program Files\Microchip\xc8\v2.46\pic\sources\c99\common\strchr.c estimated size: 68

C:\Program Files\Microchip\xc8\v2.46\pic\sources\c99\common\strcpy.c
		_strcpy        		CODE           	1A844	0000	76

C:\Program Files\Microchip\xc8\v2.46\pic\sources\c99\common\strcpy.c estimated size: 76

C:\Program Files\Microchip\xc8\v2.46\pic\sources\c99\common\memset.c
		_memset        		CODE           	1AE78	0000	44

C:\Program Files\Microchip\xc8\v2.46\pic\sources\c99\common\memset.c estimated size: 44

ds1307.c
		_bcd           		CODE           	1B04A	0000	34
		_unbcd         		CODE           	1AF96	0000	38
		_ds1307_int    		CODE           	1AEF8	0000	42
		_ds1307_init   		CODE           	1A7F6	0000	78
		_ds1307_write  		CODE           	1AD94	0000	48
		_ds1307_read_time		CODE           	19556	0000	174
		_ds1307_write_time		CODE           	1A1F6	0000	110

ds1307.c estimated size: 524

eeprom.c
		_ee_write8     		CODE           	1AAF6	0000	64

eeprom.c estimated size: 64

mcc_generated_files/nvm/src/nvm.c
		_NVM_UnlockKeySet		CODE           	1B1C2	0000	10
		_NVM_Initialize		CODE           	1B200	0000	6
		_EEPROM_Write  		CODE           	1A64E	0000	88
		_NVM_UnlockKeyClear		CODE           	1B1CC	0000	10
		_NVM_StatusClear		CODE           	1B206	0000	6
		_NVM_IsBusy    		CODE           	1B17E	0000	14

mcc_generated_files/nvm/src/nvm.c estimated size: 134

mcc_generated_files/system/src/pins.c
		_PIN_MANAGER_Initialize		CODE           	18CC6	0000	232

mcc_generated_files/system/src/pins.c estimated size: 232

shared
		ff_wtoupper@cvt1		MEDIUMCONST    	FBCA	0000	498
		ff_wtoupper@cvt2		MEDIUMCONST    	FEBC	0000	188
		_crc16_val     		CODE           	1FFFE	0000	2
		_trs_extra     		MEDIUMCONST    	FB7B	0000	48
		_loader_code   		CODE           	380000	0000	256
		_ExCvt         		MEDIUMCONST    	FAFB	0000	128
		_Timer2        		MEDIUMCONST    	FBAB	0000	18
		__initialization		CODE           	19E00	0000	136
		_uc437         		MEDIUMCONST    	FDBC	0000	256
		_exit_boot     		CODE           	3803FE	0000	2
		_LfnOfs        		MEDIUMCONST    	FBBD	0000	13

shared estimated size: 1545

C:\Program Files\Microchip\xc8\v2.46\pic\sources\c99\common\__lldiv.c
		___lldiv       		CODE           	19F18	0000	130

C:\Program Files\Microchip\xc8\v2.46\pic\sources\c99\common\__lldiv.c estimated size: 130

trs_hard.c
		_close_drives  		CODE           	1B120	0000	24
		_find_sector   		CODE           	1730E	0000	380
		_trs_action    		CODE           	188F8	0000	254
		_write_sector  		CODE           	1A4D6	0000	96
		_update_status 		CODE           	1B006	0000	34
		_read_sector   		CODE           	1A264	0000	108
		_open_drive    		CODE           	15160	0000	850
		_open_drives   		CODE           	1A094	0000	122
		_trs_hard_init 		CODE           	1ABEC	0000	56
		_update_present		CODE           	1AD64	0000	48
		_write_header  		CODE           	16FE0	0000	412
		_trs_sync      		CODE           	19804	0000	162
		_close_drive   		CODE           	1A5F2	0000	92

trs_hard.c estimated size: 2638

C:\Program Files\Microchip\xc8\v2.46\pic\sources\c99\common\Umul16.c
		___wmul        		CODE           	1AF70	0000	38

C:\Program Files\Microchip\xc8\v2.46\pic\sources\c99\common\Umul16.c estimated size: 38

FatFS/ff.c
		_clst2sect     		CODE           	1910E	0000	192
		_find_volume   		CODE           	1717C	0000	402
		_dir_clear     		CODE           	185B4	0000	294
		_put_utf       		CODE           	19D6C	0000	148
		_ld_dword      		CODE           	1928E	0000	184
		_remove_chain  		CODE           	16ACA	0000	444
		_f_mount       		CODE           	18F74	0000	206
		_get_fat       		CODE           	14A84	0000	882
		_sum_sfn       		CODE           	1AB76	0000	60
		_st_word       		CODE           	1AF22	0000	40
		_get_ldnumber  		CODE           	17E5E	0000	328
		_put_lfn       		CODE           	186DA	0000	284
		_st_clust      		CODE           	1AAB4	0000	66
		_create_name   		CODE           	1258E	0000	1372
		_create_chain  		CODE           	13E3A	0000	1162
		_gen_numname   		CODE           	161A6	0000	498
		_dbc_1st       		CODE           	1B1E0	0000	10
		_f_lseek       		CODE           	10000	0000	2528
		_validate      		CODE           	191CE	0000	192
		_check_fs      		CODE           	15F78	0000	558
		_f_sync        		CODE           	17BBA	0000	348
		_get_fileinfo  		CODE           	1399C	0000	1182
		_dir_read      		CODE           	15D32	0000	582
		_tchar2uni     		CODE           	18AE8	0000	242
		_st_dword      		CODE           	1A2D0	0000	108
		_f_write       		CODE           	112E8	0000	1800
		_dir_alloc     		CODE           	187F6	0000	258
		_f_opendir     		CODE           	18362	0000	298
		_pick_lfn      		CODE           	1848C	0000	296
		_put_fat       		CODE           	142C4	0000	1094
		_f_readdir     		CODE           	193FA	0000	174
		_sync_fs       		CODE           	16572	0000	468
		_dir_next      		CODE           	14DF6	0000	874
		_sync_window   		CODE           	178E2	0000	368
		_dir_register  		CODE           	1470A	0000	890
		_cmp_lfn       		CODE           	1748A	0000	374
		_ld_word       		CODE           	1AC24	0000	56
		_dir_find      		CODE           	15AAA	0000	648
		_f_open        		CODE           	119F0	0000	1562
		_clmt_clust    		CODE           	1822E	0000	308
		_f_read        		CODE           	1200A	0000	1412
		_f_close       		CODE           	1A9EA	0000	68
		_dir_sdi       		CODE           	154B2	0000	766
		_follow_path   		CODE           	16E36	0000	426
		_dbc_2nd       		CODE           	1B1D6	0000	10
		_ld_clust      		CODE           	1A10E	0000	118
		_move_window   		CODE           	194A8	0000	174
		_mount_volume  		CODE           	109E0	0000	2312

FatFS/ff.c estimated size: 27066

C:\Program Files\Microchip\xc8\v2.46\pic\sources\c99\common\memcmp.c
		_memcmp        		CODE           	196B0	0000	172

C:\Program Files\Microchip\xc8\v2.46\pic\sources\c99\common\memcmp.c estimated size: 172

C:\Program Files\Microchip\xc8\v2.46\pic\sources\c99\common\memcpy.c
		_memcpy        		CODE           	1A9A6	0000	68

C:\Program Files\Microchip\xc8\v2.46\pic\sources\c99\common\memcpy.c estimated size: 68

mcc_generated_files/timer/src/tmr2.c
		_TMR2_Initialize		CODE           	1ADC4	0000	48
		_TMR2_Start    		CODE           	1B1FA	0000	6
		_TMR2_OverflowCallbackRegister		CODE           	1B1A8	0000	14

mcc_generated_files/timer/src/tmr2.c estimated size: 68

trs_extra.c
		_trs_extra_read_header		CODE           	19CD8	0000	148
		_trs_extra_closefile		CODE           	1ADF4	0000	44
		_trs_extra_writefile		CODE           	1A3A6	0000	104
		_trs_extra_stream		CODE           	19BAC	0000	150
		_trs_extra_infodrive		CODE           	17A52	0000	360
		_trs_extra_gettime		CODE           	1AE20	0000	44
		_trs_extra_settime		CODE           	1AA72	0000	66
		_trs_extra_readdir		CODE           	19C42	0000	150
		_trs_extra_opendir		CODE           	1A596	0000	92
		_trs_extra_version		CODE           	1A474	0000	98
		_trs_extra_mountdrive		CODE           	1A40E	0000	102
		_trs_extra_readfile		CODE           	1A536	0000	96
		_trs_extra_seekfile		CODE           	19944	0000	156
		_trs_extra_openfile		CODE           	18E94	0000	224
		_trs_extra_bootloader		CODE           	1A890	0000	72
		_trs_extra_image		CODE           	1B138	0000	18

trs_extra.c estimated size: 1924

mcc_generated_files/system/src/clock.c
		_CLOCK_Initialize		CODE           	1B104	0000	28

mcc_generated_files/system/src/clock.c estimated size: 28

FatFS/diskio.c
		_rcvr_datablock		CODE           	19E8E	0000	138
		_card_present  		CODE           	1B1B6	0000	12
		_disk_read_multiple		CODE           	1A8D8	0000	70
		_power_on      		CODE           	1B20C	0000	2
		_power_off     		CODE           	1B18C	0000	14
		_send_cmd      		CODE           	1AA2E	0000	68
		_send_cmdx     		CODE           	19B14	0000	152
		_disk_initialize		CODE           	16398	0000	474
		_disk_write    		CODE           	198A6	0000	158
		_disk_status   		CODE           	1B16E	0000	16
		_disk_timerproc		CODE           	1A750	0000	84
		_disk_read_multiple_cancel		CODE           	1AE4C	0000	44
		_disk_ioctl    		CODE           	134DA	0000	1218
		_release_spi   		CODE           	1B1EA	0000	10
		_disk_read     		CODE           	19A7A	0000	154
		_xchg_spi      		CODE           	1B0E8	0000	28
		_xmit_datablock		CODE           	1975C	0000	168
		_wait_ready    		CODE           	1B028	0000	34

FatFS/diskio.c estimated size: 2844

main.c
		_pic_init      		CODE           	19604	0000	172
		_handle_card_insertion		CODE           	18DAE	0000	230
		_main          		CODE           	199E0	0000	154
		_handle_card_removal		CODE           	1AB36	0000	64
		_handle_interrupt_low		CODE           	1AC5C	0000	56

main.c estimated size: 676

C:\Program Files\Microchip\xc8\v2.46\pic\sources\c99\common\Umul32.c
		___lmul        		CODE           	1A6A6	0000	86

C:\Program Files\Microchip\xc8\v2.46\pic\sources\c99\common\Umul32.c estimated size: 86

led.c
		_led_init      		CODE           	1B0CC	0000	28
		_led_update    		CODE           	19042	0000	204

led.c estimated size: 232

mcc_generated_files/system/src/system.c
		_SYSTEM_Initialize		CODE           	1B15C	0000	18

mcc_generated_files/system/src/system.c estimated size: 18

